// Vitest Snapshot v1, https://vitest.dev/guide/snapshot.html

exports[`array fields > array 1`] = `
<div>
  <!---->
  <form
    class="flex flex-col gap-4"
  >
    <!---->
    <!---->
    <input
      name="__sjsf_id_prefix"
      type="hidden"
      value="root"
    />
    <!---->
     
    <!---->
    <!---->
    <div
      class="flex gap-4 flex-col"
      data-layout="array-field"
    >
      <!---->
      <!---->
       
      <div
        class="flex gap-4 flex-col"
        data-layout="array-items"
      >
        <!---->
        <!---->
        
        
        <!---->
      </div>
      <!---->
       
      <!---->
      <button
        class="btn join-item btn-sm"
        type="button"
      >
        <!---->
        Add item
        
        <!---->
      </button>
      
      <!---->
       
      <!---->
      <!---->
    </div>
    
    
    <!---->
    <!---->
     
    <!---->
    <button
      class="btn btn-primary w-full"
      type="submit"
    >
      <!---->
      Submit
      
      <!---->
    </button>
    
    <!---->
    <!---->
  </form>
  
  
  
</div>
`;

exports[`array fields > array icons 1`] = `
<div>
  <!---->
  <form
    class="flex flex-col gap-4"
  >
    <!---->
    <!---->
    <input
      name="__sjsf_id_prefix"
      type="hidden"
      value="root"
    />
    <!---->
     
    <!---->
    <!---->
    <div
      class="flex gap-4 flex-col"
      data-layout="array-field"
    >
      <!---->
      <!---->
       
      <div
        class="flex gap-4 flex-col"
        data-layout="array-items"
      >
        <!---->
        <!---->
        <!---->
        <!---->
        <!---->
        <div
          class="flex gap-2 items-start"
          data-layout="array-item"
        >
          <!---->
          <div
            class="grow"
            data-layout="array-item-content"
          >
            <!---->
            <!---->
            <!---->
            <!---->
            <div
              class="flex gap-2 flex-col"
              data-layout="field"
            >
              <!---->
              <!---->
              <div
                data-layout="field-meta"
              >
                <!---->
                <!---->
                <div
                  data-layout="field-title-row"
                >
                  <!---->
                  <label
                    class="label-text"
                    for="root_0"
                  >
                    -1 
                    <span>
                      *
                    </span>
                    <!---->
                  </label>
                  <!---->
                   
                  <!---->
                  <!---->
                </div>
                
                <!---->
                 
                <!---->
                <!---->
              </div>
              
              <!---->
               
              <div
                class="flex gap-2 items-start"
                data-layout="field-content"
              >
                <!---->
                <!---->
                <input
                  aria-describedby="root_0__description root_0__help root_0__errors"
                  aria-invalid="false"
                  class="input input-bordered grow"
                  id="root_0"
                  name="root_0"
                  required=""
                  type="text"
                />
                 
                <!---->
                
                <!---->
                
                
                <!---->
              </div>
              <!---->
               
              <!---->
               
              <!---->
              <!---->
            </div>
            
            
            
            
            <!---->
          </div>
          <!---->
           
          <!---->
          <div
            class="flex items-start join"
            data-layout="array-item-controls"
          >
            <!---->
            <!---->
            <!---->
            <button
              class="btn join-item btn-sm"
              disabled=""
              type="button"
            >
              <!---->
              Up
              
              <!---->
            </button>
            <!---->
             
            <button
              class="btn join-item btn-sm"
              type="button"
            >
              <!---->
              Down
              
              <!---->
            </button>
            <!---->
            <!---->
             
            <!---->
            <button
              class="btn join-item btn-sm"
              type="button"
            >
              <!---->
              Copy
              
              <!---->
            </button>
            
            <!---->
             
            <!---->
            <button
              class="btn join-item btn-sm"
              type="button"
            >
              <!---->
              Del
              
              <!---->
            </button>
            
            <!---->
            
            <!---->
          </div>
          
          <!---->
          <!---->
        </div>
        
        
        
        <!---->
        <!---->
        <!---->
        <div
          class="flex gap-2 items-start"
          data-layout="array-item"
        >
          <!---->
          <div
            class="grow"
            data-layout="array-item-content"
          >
            <!---->
            <!---->
            <!---->
            <!---->
            <div
              class="flex gap-2 flex-col"
              data-layout="field"
            >
              <!---->
              <!---->
              <div
                data-layout="field-meta"
              >
                <!---->
                <!---->
                <div
                  data-layout="field-title-row"
                >
                  <!---->
                  <label
                    class="label-text"
                    for="root_1"
                  >
                    -2 
                    <span>
                      *
                    </span>
                    <!---->
                  </label>
                  <!---->
                   
                  <!---->
                  <!---->
                </div>
                
                <!---->
                 
                <!---->
                <!---->
              </div>
              
              <!---->
               
              <div
                class="flex gap-2 items-start"
                data-layout="field-content"
              >
                <!---->
                <!---->
                <input
                  aria-describedby="root_1__description root_1__help root_1__errors"
                  aria-invalid="false"
                  class="input input-bordered grow"
                  id="root_1"
                  name="root_1"
                  required=""
                  type="text"
                />
                 
                <!---->
                
                <!---->
                
                
                <!---->
              </div>
              <!---->
               
              <!---->
               
              <!---->
              <!---->
            </div>
            
            
            
            
            <!---->
          </div>
          <!---->
           
          <!---->
          <div
            class="flex items-start join"
            data-layout="array-item-controls"
          >
            <!---->
            <!---->
            <!---->
            <button
              class="btn join-item btn-sm"
              type="button"
            >
              <!---->
              Up
              
              <!---->
            </button>
            <!---->
             
            <button
              class="btn join-item btn-sm"
              disabled=""
              type="button"
            >
              <!---->
              Down
              
              <!---->
            </button>
            <!---->
            <!---->
             
            <!---->
            <button
              class="btn join-item btn-sm"
              type="button"
            >
              <!---->
              Copy
              
              <!---->
            </button>
            
            <!---->
             
            <!---->
            <button
              class="btn join-item btn-sm"
              type="button"
            >
              <!---->
              Del
              
              <!---->
            </button>
            
            <!---->
            
            <!---->
          </div>
          
          <!---->
          <!---->
        </div>
        
        
        
        
        
        <!---->
      </div>
      <!---->
       
      <!---->
      <button
        class="btn join-item btn-sm"
        type="button"
      >
        <!---->
        Add item
        
        <!---->
      </button>
      
      <!---->
       
      <!---->
      <!---->
    </div>
    
    
    <!---->
    <!---->
     
    <!---->
    <button
      class="btn btn-primary w-full"
      type="submit"
    >
      <!---->
      Submit
      
      <!---->
    </button>
    
    <!---->
    <!---->
  </form>
  
  
  
</div>
`;

exports[`array fields > checkboxes 1`] = `
<div>
  <!---->
  <form
    class="flex flex-col gap-4"
  >
    <!---->
    <!---->
    <input
      name="__sjsf_id_prefix"
      type="hidden"
      value="root"
    />
    <!---->
     
    <!---->
    <!---->
    <div
      class="flex gap-2 flex-col"
      data-layout="field"
    >
      <!---->
      <!---->
       
      <div
        class="flex gap-2 items-start"
        data-layout="field-content"
      >
        <!---->
        <!---->
        <!---->
        <label
          class="label cursor-pointer gap-2 justify-start"
        >
          <input
            aria-describedby="root__description root__help root__errors"
            aria-invalid="false"
            class="checkbox"
            id="root__0"
            name="root"
            required=""
            type="checkbox"
            value="root__0"
          />
           
          <span
            class="label-text"
          >
            a
          </span>
        </label>
        <label
          class="label cursor-pointer gap-2 justify-start"
        >
          <input
            aria-describedby="root__description root__help root__errors"
            aria-invalid="false"
            class="checkbox"
            id="root__1"
            name="root"
            required=""
            type="checkbox"
            value="root__1"
          />
           
          <span
            class="label-text"
          >
            b
          </span>
        </label>
        <label
          class="label cursor-pointer gap-2 justify-start"
        >
          <input
            aria-describedby="root__description root__help root__errors"
            aria-invalid="false"
            class="checkbox"
            id="root__2"
            name="root"
            required=""
            type="checkbox"
            value="root__2"
          />
           
          <span
            class="label-text"
          >
            c
          </span>
        </label>
        
        
        
        <!---->
      </div>
      <!---->
       
      <!---->
       
      <!---->
      <!---->
    </div>
    
    
    <!---->
    <!---->
     
    <!---->
    <button
      class="btn btn-primary w-full"
      type="submit"
    >
      <!---->
      Submit
      
      <!---->
    </button>
    
    <!---->
    <!---->
  </form>
  
  
  
</div>
`;

exports[`array fields > empty errors array 1`] = `
<div>
  <!---->
  <form
    class="flex flex-col gap-4"
  >
    <!---->
    <!---->
    <input
      name="__sjsf_id_prefix"
      type="hidden"
      value="root"
    />
    <!---->
     
    <!---->
    <!---->
    <div
      class="flex gap-4 flex-col"
      data-layout="object-field"
    >
      <!---->
      <!---->
       
      <div
        class="flex gap-4 flex-col"
        data-layout="object-properties"
      >
        <!---->
        <!---->
        <!---->
        <!---->
        <!---->
        <div
          class="flex gap-2 items-start"
          data-layout="object-property"
        >
          <!---->
          <!---->
           
          <div
            class="grow"
            data-layout="object-property-content"
          >
            <!---->
            <!---->
            <!---->
            <!---->
            <div
              class="flex gap-2 flex-col"
              data-layout="field"
            >
              <!---->
              <!---->
              <div
                data-layout="field-meta"
              >
                <!---->
                <!---->
                <div
                  data-layout="field-title-row"
                >
                  <!---->
                  <label
                    class="label-text"
                    for="root_name"
                  >
                    name 
                    <!---->
                  </label>
                  <!---->
                   
                  <!---->
                  <!---->
                </div>
                
                <!---->
                 
                <!---->
                <!---->
              </div>
              
              <!---->
               
              <div
                class="flex gap-2 items-start"
                data-layout="field-content"
              >
                <!---->
                <!---->
                <input
                  aria-describedby="root_name__description root_name__help root_name__errors"
                  aria-invalid="false"
                  class="input input-bordered grow"
                  id="root_name"
                  name="root_name"
                  type="text"
                />
                 
                <!---->
                
                <!---->
                
                
                <!---->
              </div>
              <!---->
               
              <!---->
               
              <!---->
              <!---->
            </div>
            
            
            
            
            <!---->
          </div>
          <!---->
           
          <!---->
          <!---->
        </div>
        
        
        
        
        
        <!---->
      </div>
      <!---->
       
      <!---->
       
      <!---->
      <ul
        class="text-error list-disc list-inside"
        id="root__errors"
        tabindex="-1"
      >
        <li>
          error
        </li>
        
      </ul>
      
      <!---->
      <!---->
    </div>
    
    
    <!---->
    <!---->
     
    <!---->
    <button
      class="btn btn-primary w-full"
      type="submit"
    >
      <!---->
      Submit
      
      <!---->
    </button>
    
    <!---->
    <!---->
  </form>
  
  
  
</div>
`;

exports[`array fields > fixed array 1`] = `
<div>
  <!---->
  <form
    class="flex flex-col gap-4"
  >
    <!---->
    <!---->
    <input
      name="__sjsf_id_prefix"
      type="hidden"
      value="root"
    />
    <!---->
     
    <!---->
    <!---->
    <div
      class="flex gap-4 flex-col"
      data-layout="array-field"
    >
      <!---->
      <!---->
       
      <div
        class="flex gap-4 flex-col"
        data-layout="array-items"
      >
        <!---->
        <!---->
        <!---->
        <!---->
        <!---->
        <div
          class="flex gap-2 items-start"
          data-layout="array-item"
        >
          <!---->
          <div
            class="grow"
            data-layout="array-item-content"
          >
            <!---->
            <!---->
            <!---->
            <!---->
            <div
              class="flex gap-2 flex-col"
              data-layout="field"
            >
              <!---->
              <!---->
               
              <div
                class="flex gap-2 items-start"
                data-layout="field-content"
              >
                <!---->
                <!---->
                <input
                  aria-describedby="root_0__description root_0__help root_0__errors"
                  aria-invalid="false"
                  class="input input-bordered grow"
                  id="root_0"
                  name="root_0"
                  required=""
                  type="text"
                />
                 
                <!---->
                
                <!---->
                
                
                <!---->
              </div>
              <!---->
               
              <!---->
               
              <!---->
              <!---->
            </div>
            
            
            
            
            <!---->
          </div>
          <!---->
           
          <!---->
          <!---->
        </div>
        
        
        
        <!---->
        <!---->
        <!---->
        <div
          class="flex gap-2 items-start"
          data-layout="array-item"
        >
          <!---->
          <div
            class="grow"
            data-layout="array-item-content"
          >
            <!---->
            <!---->
            <!---->
            <!---->
            <div
              class="flex gap-2 flex-col"
              data-layout="field"
            >
              <!---->
              <!---->
               
              <div
                class="flex gap-2 items-start"
                data-layout="field-content"
              >
                <!---->
                <!---->
                <input
                  aria-describedby="root_1__description root_1__help root_1__errors"
                  aria-invalid="false"
                  class="input input-bordered grow"
                  id="root_1"
                  name="root_1"
                  required=""
                  step="any"
                  type="number"
                />
                 
                <!---->
                
                <!---->
                
                
                <!---->
              </div>
              <!---->
               
              <!---->
               
              <!---->
              <!---->
            </div>
            
            
            
            
            <!---->
          </div>
          <!---->
           
          <!---->
          <!---->
        </div>
        
        
        
        
        
        <!---->
      </div>
      <!---->
       
      <!---->
       
      <!---->
      <!---->
    </div>
    
    
    <!---->
    <!---->
     
    <!---->
    <button
      class="btn btn-primary w-full"
      type="submit"
    >
      <!---->
      Submit
      
      <!---->
    </button>
    
    <!---->
    <!---->
  </form>
  
  
  
</div>
`;

exports[`with title and description > array 1`] = `
<div>
  <!---->
  <form
    class="flex flex-col gap-4"
  >
    <!---->
    <!---->
    <input
      name="__sjsf_id_prefix"
      type="hidden"
      value="root"
    />
    <!---->
     
    <!---->
    <!---->
    <div
      class="flex gap-4 flex-col"
      data-layout="array-field"
    >
      <!---->
      <!---->
      <div
        data-layout="array-field-meta"
      >
        <!---->
        <!---->
        <div
          data-layout="array-field-title-row"
        >
          <!---->
          <div
            class="font-bold text-xl"
            id="root__title"
          >
            Test field
          </div>
          <!---->
           
          <!---->
          <!---->
        </div>
        
        <!---->
         
        <!---->
        <div
          class="label-text-alt"
          id="root__description"
        >
          a test description
        </div>
        
        <!---->
        <!---->
      </div>
      
      <!---->
       
      <div
        class="flex gap-4 flex-col"
        data-layout="array-items"
      >
        <!---->
        <!---->
        
        
        <!---->
      </div>
      <!---->
       
      <!---->
      <button
        class="btn join-item btn-sm"
        type="button"
      >
        <!---->
        Add item
        
        <!---->
      </button>
      
      <!---->
       
      <!---->
      <!---->
    </div>
    
    
    <!---->
    <!---->
     
    <!---->
    <button
      class="btn btn-primary w-full"
      type="submit"
    >
      <!---->
      Submit
      
      <!---->
    </button>
    
    <!---->
    <!---->
  </form>
  
  
  
</div>
`;

exports[`with title and description > array icons 1`] = `
<div>
  <!---->
  <form
    class="flex flex-col gap-4"
  >
    <!---->
    <!---->
    <input
      name="__sjsf_id_prefix"
      type="hidden"
      value="root"
    />
    <!---->
     
    <!---->
    <!---->
    <div
      class="flex gap-4 flex-col"
      data-layout="array-field"
    >
      <!---->
      <!---->
      <div
        data-layout="array-field-meta"
      >
        <!---->
        <!---->
        <div
          data-layout="array-field-title-row"
        >
          <!---->
          <div
            class="font-bold text-xl"
            id="root__title"
          >
            Test field
          </div>
          <!---->
           
          <!---->
          <!---->
        </div>
        
        <!---->
         
        <!---->
        <div
          class="label-text-alt"
          id="root__description"
        >
          a test description
        </div>
        
        <!---->
        <!---->
      </div>
      
      <!---->
       
      <div
        class="flex gap-4 flex-col"
        data-layout="array-items"
      >
        <!---->
        <!---->
        <!---->
        <!---->
        <!---->
        <div
          class="flex gap-2 items-start"
          data-layout="array-item"
        >
          <!---->
          <div
            class="grow"
            data-layout="array-item-content"
          >
            <!---->
            <!---->
            <!---->
            <!---->
            <div
              class="flex gap-2 flex-col"
              data-layout="field"
            >
              <!---->
              <!---->
              <div
                data-layout="field-meta"
              >
                <!---->
                <!---->
                <div
                  data-layout="field-title-row"
                >
                  <!---->
                  <label
                    class="label-text"
                    for="root_0"
                  >
                    Test item-1 
                    <span>
                      *
                    </span>
                    <!---->
                  </label>
                  <!---->
                   
                  <!---->
                  <!---->
                </div>
                
                <!---->
                 
                <!---->
                <div
                  class="label-text-alt"
                  id="root_0__description"
                >
                  a test item description
                </div>
                
                <!---->
                <!---->
              </div>
              
              <!---->
               
              <div
                class="flex gap-2 items-start"
                data-layout="field-content"
              >
                <!---->
                <!---->
                <input
                  aria-describedby="root_0__description root_0__help root_0__errors"
                  aria-invalid="false"
                  class="input input-bordered grow"
                  id="root_0"
                  name="root_0"
                  required=""
                  type="text"
                />
                 
                <!---->
                
                <!---->
                
                
                <!---->
              </div>
              <!---->
               
              <!---->
               
              <!---->
              <!---->
            </div>
            
            
            
            
            <!---->
          </div>
          <!---->
           
          <!---->
          <div
            class="flex items-start join"
            data-layout="array-item-controls"
          >
            <!---->
            <!---->
            <!---->
            <button
              class="btn join-item btn-sm"
              disabled=""
              type="button"
            >
              <!---->
              Up
              
              <!---->
            </button>
            <!---->
             
            <button
              class="btn join-item btn-sm"
              type="button"
            >
              <!---->
              Down
              
              <!---->
            </button>
            <!---->
            <!---->
             
            <!---->
            <button
              class="btn join-item btn-sm"
              type="button"
            >
              <!---->
              Copy
              
              <!---->
            </button>
            
            <!---->
             
            <!---->
            <button
              class="btn join-item btn-sm"
              type="button"
            >
              <!---->
              Del
              
              <!---->
            </button>
            
            <!---->
            
            <!---->
          </div>
          
          <!---->
          <!---->
        </div>
        
        
        
        <!---->
        <!---->
        <!---->
        <div
          class="flex gap-2 items-start"
          data-layout="array-item"
        >
          <!---->
          <div
            class="grow"
            data-layout="array-item-content"
          >
            <!---->
            <!---->
            <!---->
            <!---->
            <div
              class="flex gap-2 flex-col"
              data-layout="field"
            >
              <!---->
              <!---->
              <div
                data-layout="field-meta"
              >
                <!---->
                <!---->
                <div
                  data-layout="field-title-row"
                >
                  <!---->
                  <label
                    class="label-text"
                    for="root_1"
                  >
                    Test item-2 
                    <span>
                      *
                    </span>
                    <!---->
                  </label>
                  <!---->
                   
                  <!---->
                  <!---->
                </div>
                
                <!---->
                 
                <!---->
                <div
                  class="label-text-alt"
                  id="root_1__description"
                >
                  a test item description
                </div>
                
                <!---->
                <!---->
              </div>
              
              <!---->
               
              <div
                class="flex gap-2 items-start"
                data-layout="field-content"
              >
                <!---->
                <!---->
                <input
                  aria-describedby="root_1__description root_1__help root_1__errors"
                  aria-invalid="false"
                  class="input input-bordered grow"
                  id="root_1"
                  name="root_1"
                  required=""
                  type="text"
                />
                 
                <!---->
                
                <!---->
                
                
                <!---->
              </div>
              <!---->
               
              <!---->
               
              <!---->
              <!---->
            </div>
            
            
            
            
            <!---->
          </div>
          <!---->
           
          <!---->
          <div
            class="flex items-start join"
            data-layout="array-item-controls"
          >
            <!---->
            <!---->
            <!---->
            <button
              class="btn join-item btn-sm"
              type="button"
            >
              <!---->
              Up
              
              <!---->
            </button>
            <!---->
             
            <button
              class="btn join-item btn-sm"
              disabled=""
              type="button"
            >
              <!---->
              Down
              
              <!---->
            </button>
            <!---->
            <!---->
             
            <!---->
            <button
              class="btn join-item btn-sm"
              type="button"
            >
              <!---->
              Copy
              
              <!---->
            </button>
            
            <!---->
             
            <!---->
            <button
              class="btn join-item btn-sm"
              type="button"
            >
              <!---->
              Del
              
              <!---->
            </button>
            
            <!---->
            
            <!---->
          </div>
          
          <!---->
          <!---->
        </div>
        
        
        
        
        
        <!---->
      </div>
      <!---->
       
      <!---->
      <button
        class="btn join-item btn-sm"
        type="button"
      >
        <!---->
        Add item
        
        <!---->
      </button>
      
      <!---->
       
      <!---->
      <!---->
    </div>
    
    
    <!---->
    <!---->
     
    <!---->
    <button
      class="btn btn-primary w-full"
      type="submit"
    >
      <!---->
      Submit
      
      <!---->
    </button>
    
    <!---->
    <!---->
  </form>
  
  
  
</div>
`;

exports[`with title and description > checkboxes 1`] = `
<div>
  <!---->
  <form
    class="flex flex-col gap-4"
  >
    <!---->
    <!---->
    <input
      name="__sjsf_id_prefix"
      type="hidden"
      value="root"
    />
    <!---->
     
    <!---->
    <!---->
    <div
      class="flex gap-2 flex-col"
      data-layout="field"
    >
      <!---->
      <!---->
      <div
        data-layout="field-meta"
      >
        <!---->
        <!---->
        <div
          data-layout="field-title-row"
        >
          <!---->
          <div
            class="font-bold"
            id="root__title"
          >
            Test field
          </div>
          <!---->
           
          <!---->
          <!---->
        </div>
        
        <!---->
         
        <!---->
        <div
          class="label-text-alt"
          id="root__description"
        >
          a test description
        </div>
        
        <!---->
        <!---->
      </div>
      
      <!---->
       
      <div
        class="flex gap-2 items-start"
        data-layout="field-content"
      >
        <!---->
        <!---->
        <!---->
        <label
          class="label cursor-pointer gap-2 justify-start"
        >
          <input
            aria-describedby="root__description root__help root__errors"
            aria-invalid="false"
            class="checkbox"
            id="root__0"
            name="root"
            required=""
            type="checkbox"
            value="root__0"
          />
           
          <span
            class="label-text"
          >
            a
          </span>
        </label>
        <label
          class="label cursor-pointer gap-2 justify-start"
        >
          <input
            aria-describedby="root__description root__help root__errors"
            aria-invalid="false"
            class="checkbox"
            id="root__1"
            name="root"
            required=""
            type="checkbox"
            value="root__1"
          />
           
          <span
            class="label-text"
          >
            b
          </span>
        </label>
        <label
          class="label cursor-pointer gap-2 justify-start"
        >
          <input
            aria-describedby="root__description root__help root__errors"
            aria-invalid="false"
            class="checkbox"
            id="root__2"
            name="root"
            required=""
            type="checkbox"
            value="root__2"
          />
           
          <span
            class="label-text"
          >
            c
          </span>
        </label>
        
        
        
        <!---->
      </div>
      <!---->
       
      <!---->
       
      <!---->
      <!---->
    </div>
    
    
    <!---->
    <!---->
     
    <!---->
    <button
      class="btn btn-primary w-full"
      type="submit"
    >
      <!---->
      Submit
      
      <!---->
    </button>
    
    <!---->
    <!---->
  </form>
  
  
  
</div>
`;

exports[`with title and description > fixed array 1`] = `
<div>
  <!---->
  <form
    class="flex flex-col gap-4"
  >
    <!---->
    <!---->
    <input
      name="__sjsf_id_prefix"
      type="hidden"
      value="root"
    />
    <!---->
     
    <!---->
    <!---->
    <div
      class="flex gap-4 flex-col"
      data-layout="array-field"
    >
      <!---->
      <!---->
      <div
        data-layout="array-field-meta"
      >
        <!---->
        <!---->
        <div
          data-layout="array-field-title-row"
        >
          <!---->
          <div
            class="font-bold text-xl"
            id="root__title"
          >
            Test field
          </div>
          <!---->
           
          <!---->
          <!---->
        </div>
        
        <!---->
         
        <!---->
        <div
          class="label-text-alt"
          id="root__description"
        >
          a test description
        </div>
        
        <!---->
        <!---->
      </div>
      
      <!---->
       
      <div
        class="flex gap-4 flex-col"
        data-layout="array-items"
      >
        <!---->
        <!---->
        <!---->
        <!---->
        <!---->
        <div
          class="flex gap-2 items-start"
          data-layout="array-item"
        >
          <!---->
          <div
            class="grow"
            data-layout="array-item-content"
          >
            <!---->
            <!---->
            <!---->
            <!---->
            <div
              class="flex gap-2 flex-col"
              data-layout="field"
            >
              <!---->
              <!---->
              <div
                data-layout="field-meta"
              >
                <!---->
                <!---->
                <div
                  data-layout="field-title-row"
                >
                  <!---->
                  <label
                    class="label-text"
                    for="root_0"
                  >
                    Test item 
                    <span>
                      *
                    </span>
                    <!---->
                  </label>
                  <!---->
                   
                  <!---->
                  <!---->
                </div>
                
                <!---->
                 
                <!---->
                <div
                  class="label-text-alt"
                  id="root_0__description"
                >
                  a test item description
                </div>
                
                <!---->
                <!---->
              </div>
              
              <!---->
               
              <div
                class="flex gap-2 items-start"
                data-layout="field-content"
              >
                <!---->
                <!---->
                <input
                  aria-describedby="root_0__description root_0__help root_0__errors"
                  aria-invalid="false"
                  class="input input-bordered grow"
                  id="root_0"
                  name="root_0"
                  required=""
                  type="text"
                />
                 
                <!---->
                
                <!---->
                
                
                <!---->
              </div>
              <!---->
               
              <!---->
               
              <!---->
              <!---->
            </div>
            
            
            
            
            <!---->
          </div>
          <!---->
           
          <!---->
          <!---->
        </div>
        
        
        
        <!---->
        <!---->
        <!---->
        <div
          class="flex gap-2 items-start"
          data-layout="array-item"
        >
          <!---->
          <div
            class="grow"
            data-layout="array-item-content"
          >
            <!---->
            <!---->
            <!---->
            <!---->
            <div
              class="flex gap-2 flex-col"
              data-layout="field"
            >
              <!---->
              <!---->
              <div
                data-layout="field-meta"
              >
                <!---->
                <!---->
                <div
                  data-layout="field-title-row"
                >
                  <!---->
                  <label
                    class="label-text"
                    for="root_1"
                  >
                    Test item 
                    <span>
                      *
                    </span>
                    <!---->
                  </label>
                  <!---->
                   
                  <!---->
                  <!---->
                </div>
                
                <!---->
                 
                <!---->
                <div
                  class="label-text-alt"
                  id="root_1__description"
                >
                  a test item description
                </div>
                
                <!---->
                <!---->
              </div>
              
              <!---->
               
              <div
                class="flex gap-2 items-start"
                data-layout="field-content"
              >
                <!---->
                <!---->
                <input
                  aria-describedby="root_1__description root_1__help root_1__errors"
                  aria-invalid="false"
                  class="input input-bordered grow"
                  id="root_1"
                  name="root_1"
                  required=""
                  step="any"
                  type="number"
                />
                 
                <!---->
                
                <!---->
                
                
                <!---->
              </div>
              <!---->
               
              <!---->
               
              <!---->
              <!---->
            </div>
            
            
            
            
            <!---->
          </div>
          <!---->
           
          <!---->
          <!---->
        </div>
        
        
        
        
        
        <!---->
      </div>
      <!---->
       
      <!---->
       
      <!---->
      <!---->
    </div>
    
    
    <!---->
    <!---->
     
    <!---->
    <button
      class="btn btn-primary w-full"
      type="submit"
    >
      <!---->
      Submit
      
      <!---->
    </button>
    
    <!---->
    <!---->
  </form>
  
  
  
</div>
`;

exports[`with title and description from both > array 1`] = `
<div>
  <!---->
  <form
    class="flex flex-col gap-4"
  >
    <!---->
    <!---->
    <input
      name="__sjsf_id_prefix"
      type="hidden"
      value="root"
    />
    <!---->
     
    <!---->
    <!---->
    <div
      class="flex gap-4 flex-col"
      data-layout="array-field"
    >
      <!---->
      <!---->
      <div
        data-layout="array-field-meta"
      >
        <!---->
        <!---->
        <div
          data-layout="array-field-title-row"
        >
          <!---->
          <div
            class="font-bold text-xl"
            id="root__title"
          >
            My Field
          </div>
          <!---->
           
          <!---->
          <!---->
        </div>
        
        <!---->
         
        <!---->
        <div
          class="label-text-alt"
          id="root__description"
        >
          a fancier description
        </div>
        
        <!---->
        <!---->
      </div>
      
      <!---->
       
      <div
        class="flex gap-4 flex-col"
        data-layout="array-items"
      >
        <!---->
        <!---->
        
        
        <!---->
      </div>
      <!---->
       
      <!---->
      <button
        class="btn join-item btn-sm"
        type="button"
      >
        <!---->
        Add item
        
        <!---->
      </button>
      
      <!---->
       
      <!---->
      <!---->
    </div>
    
    
    <!---->
    <!---->
     
    <!---->
    <button
      class="btn btn-primary w-full"
      type="submit"
    >
      <!---->
      Submit
      
      <!---->
    </button>
    
    <!---->
    <!---->
  </form>
  
  
  
</div>
`;

exports[`with title and description from both > array icons 1`] = `
<div>
  <!---->
  <form
    class="flex flex-col gap-4"
  >
    <!---->
    <!---->
    <input
      name="__sjsf_id_prefix"
      type="hidden"
      value="root"
    />
    <!---->
     
    <!---->
    <!---->
    <div
      class="flex gap-4 flex-col"
      data-layout="array-field"
    >
      <!---->
      <!---->
      <div
        data-layout="array-field-meta"
      >
        <!---->
        <!---->
        <div
          data-layout="array-field-title-row"
        >
          <!---->
          <div
            class="font-bold text-xl"
            id="root__title"
          >
            My Field
          </div>
          <!---->
           
          <!---->
          <!---->
        </div>
        
        <!---->
         
        <!---->
        <div
          class="label-text-alt"
          id="root__description"
        >
          a fancier description
        </div>
        
        <!---->
        <!---->
      </div>
      
      <!---->
       
      <div
        class="flex gap-4 flex-col"
        data-layout="array-items"
      >
        <!---->
        <!---->
        <!---->
        <!---->
        <!---->
        <div
          class="flex gap-2 items-start"
          data-layout="array-item"
        >
          <!---->
          <div
            class="grow"
            data-layout="array-item-content"
          >
            <!---->
            <!---->
            <!---->
            <!---->
            <div
              class="flex gap-2 flex-col"
              data-layout="field"
            >
              <!---->
              <!---->
              <div
                data-layout="field-meta"
              >
                <!---->
                <!---->
                <div
                  data-layout="field-title-row"
                >
                  <!---->
                  <label
                    class="label-text"
                    for="root_0"
                  >
                    My Item-1 
                    <span>
                      *
                    </span>
                    <!---->
                  </label>
                  <!---->
                   
                  <!---->
                  <!---->
                </div>
                
                <!---->
                 
                <!---->
                <div
                  class="label-text-alt"
                  id="root_0__description"
                >
                  a fancier item description
                </div>
                
                <!---->
                <!---->
              </div>
              
              <!---->
               
              <div
                class="flex gap-2 items-start"
                data-layout="field-content"
              >
                <!---->
                <!---->
                <input
                  aria-describedby="root_0__description root_0__help root_0__errors"
                  aria-invalid="false"
                  class="input input-bordered grow"
                  id="root_0"
                  name="root_0"
                  required=""
                  type="text"
                />
                 
                <!---->
                
                <!---->
                
                
                <!---->
              </div>
              <!---->
               
              <!---->
               
              <!---->
              <!---->
            </div>
            
            
            
            
            <!---->
          </div>
          <!---->
           
          <!---->
          <div
            class="flex items-start join"
            data-layout="array-item-controls"
          >
            <!---->
            <!---->
            <!---->
            <button
              class="btn join-item btn-sm"
              disabled=""
              type="button"
            >
              <!---->
              Up
              
              <!---->
            </button>
            <!---->
             
            <button
              class="btn join-item btn-sm"
              type="button"
            >
              <!---->
              Down
              
              <!---->
            </button>
            <!---->
            <!---->
             
            <!---->
            <button
              class="btn join-item btn-sm"
              type="button"
            >
              <!---->
              Copy
              
              <!---->
            </button>
            
            <!---->
             
            <!---->
            <button
              class="btn join-item btn-sm"
              type="button"
            >
              <!---->
              Del
              
              <!---->
            </button>
            
            <!---->
            
            <!---->
          </div>
          
          <!---->
          <!---->
        </div>
        
        
        
        <!---->
        <!---->
        <!---->
        <div
          class="flex gap-2 items-start"
          data-layout="array-item"
        >
          <!---->
          <div
            class="grow"
            data-layout="array-item-content"
          >
            <!---->
            <!---->
            <!---->
            <!---->
            <div
              class="flex gap-2 flex-col"
              data-layout="field"
            >
              <!---->
              <!---->
              <div
                data-layout="field-meta"
              >
                <!---->
                <!---->
                <div
                  data-layout="field-title-row"
                >
                  <!---->
                  <label
                    class="label-text"
                    for="root_1"
                  >
                    My Item-2 
                    <span>
                      *
                    </span>
                    <!---->
                  </label>
                  <!---->
                   
                  <!---->
                  <!---->
                </div>
                
                <!---->
                 
                <!---->
                <div
                  class="label-text-alt"
                  id="root_1__description"
                >
                  a fancier item description
                </div>
                
                <!---->
                <!---->
              </div>
              
              <!---->
               
              <div
                class="flex gap-2 items-start"
                data-layout="field-content"
              >
                <!---->
                <!---->
                <input
                  aria-describedby="root_1__description root_1__help root_1__errors"
                  aria-invalid="false"
                  class="input input-bordered grow"
                  id="root_1"
                  name="root_1"
                  required=""
                  type="text"
                />
                 
                <!---->
                
                <!---->
                
                
                <!---->
              </div>
              <!---->
               
              <!---->
               
              <!---->
              <!---->
            </div>
            
            
            
            
            <!---->
          </div>
          <!---->
           
          <!---->
          <div
            class="flex items-start join"
            data-layout="array-item-controls"
          >
            <!---->
            <!---->
            <!---->
            <button
              class="btn join-item btn-sm"
              type="button"
            >
              <!---->
              Up
              
              <!---->
            </button>
            <!---->
             
            <button
              class="btn join-item btn-sm"
              disabled=""
              type="button"
            >
              <!---->
              Down
              
              <!---->
            </button>
            <!---->
            <!---->
             
            <!---->
            <button
              class="btn join-item btn-sm"
              type="button"
            >
              <!---->
              Copy
              
              <!---->
            </button>
            
            <!---->
             
            <!---->
            <button
              class="btn join-item btn-sm"
              type="button"
            >
              <!---->
              Del
              
              <!---->
            </button>
            
            <!---->
            
            <!---->
          </div>
          
          <!---->
          <!---->
        </div>
        
        
        
        
        
        <!---->
      </div>
      <!---->
       
      <!---->
      <button
        class="btn join-item btn-sm"
        type="button"
      >
        <!---->
        Add item
        
        <!---->
      </button>
      
      <!---->
       
      <!---->
      <!---->
    </div>
    
    
    <!---->
    <!---->
     
    <!---->
    <button
      class="btn btn-primary w-full"
      type="submit"
    >
      <!---->
      Submit
      
      <!---->
    </button>
    
    <!---->
    <!---->
  </form>
  
  
  
</div>
`;

exports[`with title and description from both > checkboxes 1`] = `
<div>
  <!---->
  <form
    class="flex flex-col gap-4"
  >
    <!---->
    <!---->
    <input
      name="__sjsf_id_prefix"
      type="hidden"
      value="root"
    />
    <!---->
     
    <!---->
    <!---->
    <div
      class="flex gap-2 flex-col"
      data-layout="field"
    >
      <!---->
      <!---->
      <div
        data-layout="field-meta"
      >
        <!---->
        <!---->
        <div
          data-layout="field-title-row"
        >
          <!---->
          <div
            class="font-bold"
            id="root__title"
          >
            My Field
          </div>
          <!---->
           
          <!---->
          <!---->
        </div>
        
        <!---->
         
        <!---->
        <div
          class="label-text-alt"
          id="root__description"
        >
          a fancier description
        </div>
        
        <!---->
        <!---->
      </div>
      
      <!---->
       
      <div
        class="flex gap-2 items-start"
        data-layout="field-content"
      >
        <!---->
        <!---->
        <!---->
        <label
          class="label cursor-pointer gap-2 justify-start"
        >
          <input
            aria-describedby="root__description root__help root__errors"
            aria-invalid="false"
            class="checkbox"
            id="root__0"
            name="root"
            required=""
            type="checkbox"
            value="root__0"
          />
           
          <span
            class="label-text"
          >
            a
          </span>
        </label>
        <label
          class="label cursor-pointer gap-2 justify-start"
        >
          <input
            aria-describedby="root__description root__help root__errors"
            aria-invalid="false"
            class="checkbox"
            id="root__1"
            name="root"
            required=""
            type="checkbox"
            value="root__1"
          />
           
          <span
            class="label-text"
          >
            b
          </span>
        </label>
        <label
          class="label cursor-pointer gap-2 justify-start"
        >
          <input
            aria-describedby="root__description root__help root__errors"
            aria-invalid="false"
            class="checkbox"
            id="root__2"
            name="root"
            required=""
            type="checkbox"
            value="root__2"
          />
           
          <span
            class="label-text"
          >
            c
          </span>
        </label>
        
        
        
        <!---->
      </div>
      <!---->
       
      <!---->
       
      <!---->
      <!---->
    </div>
    
    
    <!---->
    <!---->
     
    <!---->
    <button
      class="btn btn-primary w-full"
      type="submit"
    >
      <!---->
      Submit
      
      <!---->
    </button>
    
    <!---->
    <!---->
  </form>
  
  
  
</div>
`;

exports[`with title and description from both > fixed array 1`] = `
<div>
  <!---->
  <form
    class="flex flex-col gap-4"
  >
    <!---->
    <!---->
    <input
      name="__sjsf_id_prefix"
      type="hidden"
      value="root"
    />
    <!---->
     
    <!---->
    <!---->
    <div
      class="flex gap-4 flex-col"
      data-layout="array-field"
    >
      <!---->
      <!---->
      <div
        data-layout="array-field-meta"
      >
        <!---->
        <!---->
        <div
          data-layout="array-field-title-row"
        >
          <!---->
          <div
            class="font-bold text-xl"
            id="root__title"
          >
            My Field
          </div>
          <!---->
           
          <!---->
          <!---->
        </div>
        
        <!---->
         
        <!---->
        <div
          class="label-text-alt"
          id="root__description"
        >
          a fancier description
        </div>
        
        <!---->
        <!---->
      </div>
      
      <!---->
       
      <div
        class="flex gap-4 flex-col"
        data-layout="array-items"
      >
        <!---->
        <!---->
        <!---->
        <!---->
        <!---->
        <div
          class="flex gap-2 items-start"
          data-layout="array-item"
        >
          <!---->
          <div
            class="grow"
            data-layout="array-item-content"
          >
            <!---->
            <!---->
            <!---->
            <!---->
            <div
              class="flex gap-2 flex-col"
              data-layout="field"
            >
              <!---->
              <!---->
              <div
                data-layout="field-meta"
              >
                <!---->
                <!---->
                <div
                  data-layout="field-title-row"
                >
                  <!---->
                  <label
                    class="label-text"
                    for="root_0"
                  >
                    My Item 
                    <span>
                      *
                    </span>
                    <!---->
                  </label>
                  <!---->
                   
                  <!---->
                  <!---->
                </div>
                
                <!---->
                 
                <!---->
                <div
                  class="label-text-alt"
                  id="root_0__description"
                >
                  a fancier item description
                </div>
                
                <!---->
                <!---->
              </div>
              
              <!---->
               
              <div
                class="flex gap-2 items-start"
                data-layout="field-content"
              >
                <!---->
                <!---->
                <input
                  aria-describedby="root_0__description root_0__help root_0__errors"
                  aria-invalid="false"
                  class="input input-bordered grow"
                  id="root_0"
                  name="root_0"
                  required=""
                  type="text"
                />
                 
                <!---->
                
                <!---->
                
                
                <!---->
              </div>
              <!---->
               
              <!---->
               
              <!---->
              <!---->
            </div>
            
            
            
            
            <!---->
          </div>
          <!---->
           
          <!---->
          <!---->
        </div>
        
        
        
        <!---->
        <!---->
        <!---->
        <div
          class="flex gap-2 items-start"
          data-layout="array-item"
        >
          <!---->
          <div
            class="grow"
            data-layout="array-item-content"
          >
            <!---->
            <!---->
            <!---->
            <!---->
            <div
              class="flex gap-2 flex-col"
              data-layout="field"
            >
              <!---->
              <!---->
              <div
                data-layout="field-meta"
              >
                <!---->
                <!---->
                <div
                  data-layout="field-title-row"
                >
                  <!---->
                  <label
                    class="label-text"
                    for="root_1"
                  >
                    My Item 
                    <span>
                      *
                    </span>
                    <!---->
                  </label>
                  <!---->
                   
                  <!---->
                  <!---->
                </div>
                
                <!---->
                 
                <!---->
                <div
                  class="label-text-alt"
                  id="root_1__description"
                >
                  a fancier item description
                </div>
                
                <!---->
                <!---->
              </div>
              
              <!---->
               
              <div
                class="flex gap-2 items-start"
                data-layout="field-content"
              >
                <!---->
                <!---->
                <input
                  aria-describedby="root_1__description root_1__help root_1__errors"
                  aria-invalid="false"
                  class="input input-bordered grow"
                  id="root_1"
                  name="root_1"
                  required=""
                  step="any"
                  type="number"
                />
                 
                <!---->
                
                <!---->
                
                
                <!---->
              </div>
              <!---->
               
              <!---->
               
              <!---->
              <!---->
            </div>
            
            
            
            
            <!---->
          </div>
          <!---->
           
          <!---->
          <!---->
        </div>
        
        
        
        
        
        <!---->
      </div>
      <!---->
       
      <!---->
       
      <!---->
      <!---->
    </div>
    
    
    <!---->
    <!---->
     
    <!---->
    <button
      class="btn btn-primary w-full"
      type="submit"
    >
      <!---->
      Submit
      
      <!---->
    </button>
    
    <!---->
    <!---->
  </form>
  
  
  
</div>
`;

exports[`with title and description from uiSchema > array 1`] = `
<div>
  <!---->
  <form
    class="flex flex-col gap-4"
  >
    <!---->
    <!---->
    <input
      name="__sjsf_id_prefix"
      type="hidden"
      value="root"
    />
    <!---->
     
    <!---->
    <!---->
    <div
      class="flex gap-4 flex-col"
      data-layout="array-field"
    >
      <!---->
      <!---->
      <div
        data-layout="array-field-meta"
      >
        <!---->
        <!---->
        <div
          data-layout="array-field-title-row"
        >
          <!---->
          <div
            class="font-bold text-xl"
            id="root__title"
          >
            My Field
          </div>
          <!---->
           
          <!---->
          <!---->
        </div>
        
        <!---->
         
        <!---->
        <div
          class="label-text-alt"
          id="root__description"
        >
          a fancier description
        </div>
        
        <!---->
        <!---->
      </div>
      
      <!---->
       
      <div
        class="flex gap-4 flex-col"
        data-layout="array-items"
      >
        <!---->
        <!---->
        
        
        <!---->
      </div>
      <!---->
       
      <!---->
      <button
        class="btn join-item btn-sm"
        type="button"
      >
        <!---->
        Add item
        
        <!---->
      </button>
      
      <!---->
       
      <!---->
      <!---->
    </div>
    
    
    <!---->
    <!---->
     
    <!---->
    <button
      class="btn btn-primary w-full"
      type="submit"
    >
      <!---->
      Submit
      
      <!---->
    </button>
    
    <!---->
    <!---->
  </form>
  
  
  
</div>
`;

exports[`with title and description from uiSchema > array icons 1`] = `
<div>
  <!---->
  <form
    class="flex flex-col gap-4"
  >
    <!---->
    <!---->
    <input
      name="__sjsf_id_prefix"
      type="hidden"
      value="root"
    />
    <!---->
     
    <!---->
    <!---->
    <div
      class="flex gap-4 flex-col"
      data-layout="array-field"
    >
      <!---->
      <!---->
      <div
        data-layout="array-field-meta"
      >
        <!---->
        <!---->
        <div
          data-layout="array-field-title-row"
        >
          <!---->
          <div
            class="font-bold text-xl"
            id="root__title"
          >
            My Field
          </div>
          <!---->
           
          <!---->
          <!---->
        </div>
        
        <!---->
         
        <!---->
        <div
          class="label-text-alt"
          id="root__description"
        >
          a fancier description
        </div>
        
        <!---->
        <!---->
      </div>
      
      <!---->
       
      <div
        class="flex gap-4 flex-col"
        data-layout="array-items"
      >
        <!---->
        <!---->
        <!---->
        <!---->
        <!---->
        <div
          class="flex gap-2 items-start"
          data-layout="array-item"
        >
          <!---->
          <div
            class="grow"
            data-layout="array-item-content"
          >
            <!---->
            <!---->
            <!---->
            <!---->
            <div
              class="flex gap-2 flex-col"
              data-layout="field"
            >
              <!---->
              <!---->
              <div
                data-layout="field-meta"
              >
                <!---->
                <!---->
                <div
                  data-layout="field-title-row"
                >
                  <!---->
                  <label
                    class="label-text"
                    for="root_0"
                  >
                    My Item-1 
                    <span>
                      *
                    </span>
                    <!---->
                  </label>
                  <!---->
                   
                  <!---->
                  <!---->
                </div>
                
                <!---->
                 
                <!---->
                <div
                  class="label-text-alt"
                  id="root_0__description"
                >
                  a fancier item description
                </div>
                
                <!---->
                <!---->
              </div>
              
              <!---->
               
              <div
                class="flex gap-2 items-start"
                data-layout="field-content"
              >
                <!---->
                <!---->
                <input
                  aria-describedby="root_0__description root_0__help root_0__errors"
                  aria-invalid="false"
                  class="input input-bordered grow"
                  id="root_0"
                  name="root_0"
                  required=""
                  type="text"
                />
                 
                <!---->
                
                <!---->
                
                
                <!---->
              </div>
              <!---->
               
              <!---->
               
              <!---->
              <!---->
            </div>
            
            
            
            
            <!---->
          </div>
          <!---->
           
          <!---->
          <div
            class="flex items-start join"
            data-layout="array-item-controls"
          >
            <!---->
            <!---->
            <!---->
            <button
              class="btn join-item btn-sm"
              disabled=""
              type="button"
            >
              <!---->
              Up
              
              <!---->
            </button>
            <!---->
             
            <button
              class="btn join-item btn-sm"
              type="button"
            >
              <!---->
              Down
              
              <!---->
            </button>
            <!---->
            <!---->
             
            <!---->
            <button
              class="btn join-item btn-sm"
              type="button"
            >
              <!---->
              Copy
              
              <!---->
            </button>
            
            <!---->
             
            <!---->
            <button
              class="btn join-item btn-sm"
              type="button"
            >
              <!---->
              Del
              
              <!---->
            </button>
            
            <!---->
            
            <!---->
          </div>
          
          <!---->
          <!---->
        </div>
        
        
        
        <!---->
        <!---->
        <!---->
        <div
          class="flex gap-2 items-start"
          data-layout="array-item"
        >
          <!---->
          <div
            class="grow"
            data-layout="array-item-content"
          >
            <!---->
            <!---->
            <!---->
            <!---->
            <div
              class="flex gap-2 flex-col"
              data-layout="field"
            >
              <!---->
              <!---->
              <div
                data-layout="field-meta"
              >
                <!---->
                <!---->
                <div
                  data-layout="field-title-row"
                >
                  <!---->
                  <label
                    class="label-text"
                    for="root_1"
                  >
                    My Item-2 
                    <span>
                      *
                    </span>
                    <!---->
                  </label>
                  <!---->
                   
                  <!---->
                  <!---->
                </div>
                
                <!---->
                 
                <!---->
                <div
                  class="label-text-alt"
                  id="root_1__description"
                >
                  a fancier item description
                </div>
                
                <!---->
                <!---->
              </div>
              
              <!---->
               
              <div
                class="flex gap-2 items-start"
                data-layout="field-content"
              >
                <!---->
                <!---->
                <input
                  aria-describedby="root_1__description root_1__help root_1__errors"
                  aria-invalid="false"
                  class="input input-bordered grow"
                  id="root_1"
                  name="root_1"
                  required=""
                  type="text"
                />
                 
                <!---->
                
                <!---->
                
                
                <!---->
              </div>
              <!---->
               
              <!---->
               
              <!---->
              <!---->
            </div>
            
            
            
            
            <!---->
          </div>
          <!---->
           
          <!---->
          <div
            class="flex items-start join"
            data-layout="array-item-controls"
          >
            <!---->
            <!---->
            <!---->
            <button
              class="btn join-item btn-sm"
              type="button"
            >
              <!---->
              Up
              
              <!---->
            </button>
            <!---->
             
            <button
              class="btn join-item btn-sm"
              disabled=""
              type="button"
            >
              <!---->
              Down
              
              <!---->
            </button>
            <!---->
            <!---->
             
            <!---->
            <button
              class="btn join-item btn-sm"
              type="button"
            >
              <!---->
              Copy
              
              <!---->
            </button>
            
            <!---->
             
            <!---->
            <button
              class="btn join-item btn-sm"
              type="button"
            >
              <!---->
              Del
              
              <!---->
            </button>
            
            <!---->
            
            <!---->
          </div>
          
          <!---->
          <!---->
        </div>
        
        
        
        
        
        <!---->
      </div>
      <!---->
       
      <!---->
      <button
        class="btn join-item btn-sm"
        type="button"
      >
        <!---->
        Add item
        
        <!---->
      </button>
      
      <!---->
       
      <!---->
      <!---->
    </div>
    
    
    <!---->
    <!---->
     
    <!---->
    <button
      class="btn btn-primary w-full"
      type="submit"
    >
      <!---->
      Submit
      
      <!---->
    </button>
    
    <!---->
    <!---->
  </form>
  
  
  
</div>
`;

exports[`with title and description from uiSchema > checkboxes 1`] = `
<div>
  <!---->
  <form
    class="flex flex-col gap-4"
  >
    <!---->
    <!---->
    <input
      name="__sjsf_id_prefix"
      type="hidden"
      value="root"
    />
    <!---->
     
    <!---->
    <!---->
    <div
      class="flex gap-2 flex-col"
      data-layout="field"
    >
      <!---->
      <!---->
      <div
        data-layout="field-meta"
      >
        <!---->
        <!---->
        <div
          data-layout="field-title-row"
        >
          <!---->
          <div
            class="font-bold"
            id="root__title"
          >
            My Field
          </div>
          <!---->
           
          <!---->
          <!---->
        </div>
        
        <!---->
         
        <!---->
        <div
          class="label-text-alt"
          id="root__description"
        >
          a fancier description
        </div>
        
        <!---->
        <!---->
      </div>
      
      <!---->
       
      <div
        class="flex gap-2 items-start"
        data-layout="field-content"
      >
        <!---->
        <!---->
        <!---->
        <label
          class="label cursor-pointer gap-2 justify-start"
        >
          <input
            aria-describedby="root__description root__help root__errors"
            aria-invalid="false"
            class="checkbox"
            id="root__0"
            name="root"
            required=""
            type="checkbox"
            value="root__0"
          />
           
          <span
            class="label-text"
          >
            a
          </span>
        </label>
        <label
          class="label cursor-pointer gap-2 justify-start"
        >
          <input
            aria-describedby="root__description root__help root__errors"
            aria-invalid="false"
            class="checkbox"
            id="root__1"
            name="root"
            required=""
            type="checkbox"
            value="root__1"
          />
           
          <span
            class="label-text"
          >
            b
          </span>
        </label>
        <label
          class="label cursor-pointer gap-2 justify-start"
        >
          <input
            aria-describedby="root__description root__help root__errors"
            aria-invalid="false"
            class="checkbox"
            id="root__2"
            name="root"
            required=""
            type="checkbox"
            value="root__2"
          />
           
          <span
            class="label-text"
          >
            c
          </span>
        </label>
        
        
        
        <!---->
      </div>
      <!---->
       
      <!---->
       
      <!---->
      <!---->
    </div>
    
    
    <!---->
    <!---->
     
    <!---->
    <button
      class="btn btn-primary w-full"
      type="submit"
    >
      <!---->
      Submit
      
      <!---->
    </button>
    
    <!---->
    <!---->
  </form>
  
  
  
</div>
`;

exports[`with title and description from uiSchema > fixed array 1`] = `
<div>
  <!---->
  <form
    class="flex flex-col gap-4"
  >
    <!---->
    <!---->
    <input
      name="__sjsf_id_prefix"
      type="hidden"
      value="root"
    />
    <!---->
     
    <!---->
    <!---->
    <div
      class="flex gap-4 flex-col"
      data-layout="array-field"
    >
      <!---->
      <!---->
      <div
        data-layout="array-field-meta"
      >
        <!---->
        <!---->
        <div
          data-layout="array-field-title-row"
        >
          <!---->
          <div
            class="font-bold text-xl"
            id="root__title"
          >
            My Field
          </div>
          <!---->
           
          <!---->
          <!---->
        </div>
        
        <!---->
         
        <!---->
        <div
          class="label-text-alt"
          id="root__description"
        >
          a fancier description
        </div>
        
        <!---->
        <!---->
      </div>
      
      <!---->
       
      <div
        class="flex gap-4 flex-col"
        data-layout="array-items"
      >
        <!---->
        <!---->
        <!---->
        <!---->
        <!---->
        <div
          class="flex gap-2 items-start"
          data-layout="array-item"
        >
          <!---->
          <div
            class="grow"
            data-layout="array-item-content"
          >
            <!---->
            <!---->
            <!---->
            <!---->
            <div
              class="flex gap-2 flex-col"
              data-layout="field"
            >
              <!---->
              <!---->
              <div
                data-layout="field-meta"
              >
                <!---->
                <!---->
                <div
                  data-layout="field-title-row"
                >
                  <!---->
                  <label
                    class="label-text"
                    for="root_0"
                  >
                    My Item 
                    <span>
                      *
                    </span>
                    <!---->
                  </label>
                  <!---->
                   
                  <!---->
                  <!---->
                </div>
                
                <!---->
                 
                <!---->
                <div
                  class="label-text-alt"
                  id="root_0__description"
                >
                  a fancier item description
                </div>
                
                <!---->
                <!---->
              </div>
              
              <!---->
               
              <div
                class="flex gap-2 items-start"
                data-layout="field-content"
              >
                <!---->
                <!---->
                <input
                  aria-describedby="root_0__description root_0__help root_0__errors"
                  aria-invalid="false"
                  class="input input-bordered grow"
                  id="root_0"
                  name="root_0"
                  required=""
                  type="text"
                />
                 
                <!---->
                
                <!---->
                
                
                <!---->
              </div>
              <!---->
               
              <!---->
               
              <!---->
              <!---->
            </div>
            
            
            
            
            <!---->
          </div>
          <!---->
           
          <!---->
          <!---->
        </div>
        
        
        
        <!---->
        <!---->
        <!---->
        <div
          class="flex gap-2 items-start"
          data-layout="array-item"
        >
          <!---->
          <div
            class="grow"
            data-layout="array-item-content"
          >
            <!---->
            <!---->
            <!---->
            <!---->
            <div
              class="flex gap-2 flex-col"
              data-layout="field"
            >
              <!---->
              <!---->
              <div
                data-layout="field-meta"
              >
                <!---->
                <!---->
                <div
                  data-layout="field-title-row"
                >
                  <!---->
                  <label
                    class="label-text"
                    for="root_1"
                  >
                    My Item 
                    <span>
                      *
                    </span>
                    <!---->
                  </label>
                  <!---->
                   
                  <!---->
                  <!---->
                </div>
                
                <!---->
                 
                <!---->
                <div
                  class="label-text-alt"
                  id="root_1__description"
                >
                  a fancier item description
                </div>
                
                <!---->
                <!---->
              </div>
              
              <!---->
               
              <div
                class="flex gap-2 items-start"
                data-layout="field-content"
              >
                <!---->
                <!---->
                <input
                  aria-describedby="root_1__description root_1__help root_1__errors"
                  aria-invalid="false"
                  class="input input-bordered grow"
                  id="root_1"
                  name="root_1"
                  required=""
                  step="any"
                  type="number"
                />
                 
                <!---->
                
                <!---->
                
                
                <!---->
              </div>
              <!---->
               
              <!---->
               
              <!---->
              <!---->
            </div>
            
            
            
            
            <!---->
          </div>
          <!---->
           
          <!---->
          <!---->
        </div>
        
        
        
        
        
        <!---->
      </div>
      <!---->
       
      <!---->
       
      <!---->
      <!---->
    </div>
    
    
    <!---->
    <!---->
     
    <!---->
    <button
      class="btn btn-primary w-full"
      type="submit"
    >
      <!---->
      Submit
      
      <!---->
    </button>
    
    <!---->
    <!---->
  </form>
  
  
  
</div>
`;

exports[`with title and description with global label off > array 1`] = `
<div>
  <!---->
  <form
    class="flex flex-col gap-4"
  >
    <!---->
    <!---->
    <input
      name="__sjsf_id_prefix"
      type="hidden"
      value="root"
    />
    <!---->
     
    <!---->
    <!---->
    <div
      class="flex gap-4 flex-col"
      data-layout="array-field"
    >
      <!---->
      <!---->
       
      <div
        class="flex gap-4 flex-col"
        data-layout="array-items"
      >
        <!---->
        <!---->
        
        
        <!---->
      </div>
      <!---->
       
      <!---->
      <button
        class="btn join-item btn-sm"
        type="button"
      >
        <!---->
        Add item
        
        <!---->
      </button>
      
      <!---->
       
      <!---->
      <!---->
    </div>
    
    
    <!---->
    <!---->
     
    <!---->
    <button
      class="btn btn-primary w-full"
      type="submit"
    >
      <!---->
      Submit
      
      <!---->
    </button>
    
    <!---->
    <!---->
  </form>
  
  
  
</div>
`;

exports[`with title and description with global label off > array icons 1`] = `
<div>
  <!---->
  <form
    class="flex flex-col gap-4"
  >
    <!---->
    <!---->
    <input
      name="__sjsf_id_prefix"
      type="hidden"
      value="root"
    />
    <!---->
     
    <!---->
    <!---->
    <div
      class="flex gap-4 flex-col"
      data-layout="array-field"
    >
      <!---->
      <!---->
       
      <div
        class="flex gap-4 flex-col"
        data-layout="array-items"
      >
        <!---->
        <!---->
        <!---->
        <!---->
        <!---->
        <div
          class="flex gap-2 items-start"
          data-layout="array-item"
        >
          <!---->
          <div
            class="grow"
            data-layout="array-item-content"
          >
            <!---->
            <!---->
            <!---->
            <!---->
            <div
              class="flex gap-2 flex-col"
              data-layout="field"
            >
              <!---->
              <!---->
               
              <div
                class="flex gap-2 items-start"
                data-layout="field-content"
              >
                <!---->
                <!---->
                <input
                  aria-describedby="root_0__description root_0__help root_0__errors"
                  aria-invalid="false"
                  class="input input-bordered grow"
                  id="root_0"
                  name="root_0"
                  required=""
                  type="text"
                />
                 
                <!---->
                
                <!---->
                
                
                <!---->
              </div>
              <!---->
               
              <!---->
               
              <!---->
              <!---->
            </div>
            
            
            
            
            <!---->
          </div>
          <!---->
           
          <!---->
          <div
            class="flex items-start join"
            data-layout="array-item-controls"
          >
            <!---->
            <!---->
            <!---->
            <button
              class="btn join-item btn-sm"
              disabled=""
              type="button"
            >
              <!---->
              Up
              
              <!---->
            </button>
            <!---->
             
            <button
              class="btn join-item btn-sm"
              type="button"
            >
              <!---->
              Down
              
              <!---->
            </button>
            <!---->
            <!---->
             
            <!---->
            <button
              class="btn join-item btn-sm"
              type="button"
            >
              <!---->
              Copy
              
              <!---->
            </button>
            
            <!---->
             
            <!---->
            <button
              class="btn join-item btn-sm"
              type="button"
            >
              <!---->
              Del
              
              <!---->
            </button>
            
            <!---->
            
            <!---->
          </div>
          
          <!---->
          <!---->
        </div>
        
        
        
        <!---->
        <!---->
        <!---->
        <div
          class="flex gap-2 items-start"
          data-layout="array-item"
        >
          <!---->
          <div
            class="grow"
            data-layout="array-item-content"
          >
            <!---->
            <!---->
            <!---->
            <!---->
            <div
              class="flex gap-2 flex-col"
              data-layout="field"
            >
              <!---->
              <!---->
               
              <div
                class="flex gap-2 items-start"
                data-layout="field-content"
              >
                <!---->
                <!---->
                <input
                  aria-describedby="root_1__description root_1__help root_1__errors"
                  aria-invalid="false"
                  class="input input-bordered grow"
                  id="root_1"
                  name="root_1"
                  required=""
                  type="text"
                />
                 
                <!---->
                
                <!---->
                
                
                <!---->
              </div>
              <!---->
               
              <!---->
               
              <!---->
              <!---->
            </div>
            
            
            
            
            <!---->
          </div>
          <!---->
           
          <!---->
          <div
            class="flex items-start join"
            data-layout="array-item-controls"
          >
            <!---->
            <!---->
            <!---->
            <button
              class="btn join-item btn-sm"
              type="button"
            >
              <!---->
              Up
              
              <!---->
            </button>
            <!---->
             
            <button
              class="btn join-item btn-sm"
              disabled=""
              type="button"
            >
              <!---->
              Down
              
              <!---->
            </button>
            <!---->
            <!---->
             
            <!---->
            <button
              class="btn join-item btn-sm"
              type="button"
            >
              <!---->
              Copy
              
              <!---->
            </button>
            
            <!---->
             
            <!---->
            <button
              class="btn join-item btn-sm"
              type="button"
            >
              <!---->
              Del
              
              <!---->
            </button>
            
            <!---->
            
            <!---->
          </div>
          
          <!---->
          <!---->
        </div>
        
        
        
        
        
        <!---->
      </div>
      <!---->
       
      <!---->
      <button
        class="btn join-item btn-sm"
        type="button"
      >
        <!---->
        Add item
        
        <!---->
      </button>
      
      <!---->
       
      <!---->
      <!---->
    </div>
    
    
    <!---->
    <!---->
     
    <!---->
    <button
      class="btn btn-primary w-full"
      type="submit"
    >
      <!---->
      Submit
      
      <!---->
    </button>
    
    <!---->
    <!---->
  </form>
  
  
  
</div>
`;

exports[`with title and description with global label off > checkboxes 1`] = `
<div>
  <!---->
  <form
    class="flex flex-col gap-4"
  >
    <!---->
    <!---->
    <input
      name="__sjsf_id_prefix"
      type="hidden"
      value="root"
    />
    <!---->
     
    <!---->
    <!---->
    <div
      class="flex gap-2 flex-col"
      data-layout="field"
    >
      <!---->
      <!---->
       
      <div
        class="flex gap-2 items-start"
        data-layout="field-content"
      >
        <!---->
        <!---->
        <!---->
        <label
          class="label cursor-pointer gap-2 justify-start"
        >
          <input
            aria-describedby="root__description root__help root__errors"
            aria-invalid="false"
            class="checkbox"
            id="root__0"
            name="root"
            required=""
            type="checkbox"
            value="root__0"
          />
           
          <span
            class="label-text"
          >
            a
          </span>
        </label>
        <label
          class="label cursor-pointer gap-2 justify-start"
        >
          <input
            aria-describedby="root__description root__help root__errors"
            aria-invalid="false"
            class="checkbox"
            id="root__1"
            name="root"
            required=""
            type="checkbox"
            value="root__1"
          />
           
          <span
            class="label-text"
          >
            b
          </span>
        </label>
        <label
          class="label cursor-pointer gap-2 justify-start"
        >
          <input
            aria-describedby="root__description root__help root__errors"
            aria-invalid="false"
            class="checkbox"
            id="root__2"
            name="root"
            required=""
            type="checkbox"
            value="root__2"
          />
           
          <span
            class="label-text"
          >
            c
          </span>
        </label>
        
        
        
        <!---->
      </div>
      <!---->
       
      <!---->
       
      <!---->
      <!---->
    </div>
    
    
    <!---->
    <!---->
     
    <!---->
    <button
      class="btn btn-primary w-full"
      type="submit"
    >
      <!---->
      Submit
      
      <!---->
    </button>
    
    <!---->
    <!---->
  </form>
  
  
  
</div>
`;

exports[`with title and description with global label off > fixed array 1`] = `
<div>
  <!---->
  <form
    class="flex flex-col gap-4"
  >
    <!---->
    <!---->
    <input
      name="__sjsf_id_prefix"
      type="hidden"
      value="root"
    />
    <!---->
     
    <!---->
    <!---->
    <div
      class="flex gap-4 flex-col"
      data-layout="array-field"
    >
      <!---->
      <!---->
       
      <div
        class="flex gap-4 flex-col"
        data-layout="array-items"
      >
        <!---->
        <!---->
        <!---->
        <!---->
        <!---->
        <div
          class="flex gap-2 items-start"
          data-layout="array-item"
        >
          <!---->
          <div
            class="grow"
            data-layout="array-item-content"
          >
            <!---->
            <!---->
            <!---->
            <!---->
            <div
              class="flex gap-2 flex-col"
              data-layout="field"
            >
              <!---->
              <!---->
               
              <div
                class="flex gap-2 items-start"
                data-layout="field-content"
              >
                <!---->
                <!---->
                <input
                  aria-describedby="root_0__description root_0__help root_0__errors"
                  aria-invalid="false"
                  class="input input-bordered grow"
                  id="root_0"
                  name="root_0"
                  required=""
                  type="text"
                />
                 
                <!---->
                
                <!---->
                
                
                <!---->
              </div>
              <!---->
               
              <!---->
               
              <!---->
              <!---->
            </div>
            
            
            
            
            <!---->
          </div>
          <!---->
           
          <!---->
          <!---->
        </div>
        
        
        
        <!---->
        <!---->
        <!---->
        <div
          class="flex gap-2 items-start"
          data-layout="array-item"
        >
          <!---->
          <div
            class="grow"
            data-layout="array-item-content"
          >
            <!---->
            <!---->
            <!---->
            <!---->
            <div
              class="flex gap-2 flex-col"
              data-layout="field"
            >
              <!---->
              <!---->
               
              <div
                class="flex gap-2 items-start"
                data-layout="field-content"
              >
                <!---->
                <!---->
                <input
                  aria-describedby="root_1__description root_1__help root_1__errors"
                  aria-invalid="false"
                  class="input input-bordered grow"
                  id="root_1"
                  name="root_1"
                  required=""
                  step="any"
                  type="number"
                />
                 
                <!---->
                
                <!---->
                
                
                <!---->
              </div>
              <!---->
               
              <!---->
               
              <!---->
              <!---->
            </div>
            
            
            
            
            <!---->
          </div>
          <!---->
           
          <!---->
          <!---->
        </div>
        
        
        
        
        
        <!---->
      </div>
      <!---->
       
      <!---->
       
      <!---->
      <!---->
    </div>
    
    
    <!---->
    <!---->
     
    <!---->
    <button
      class="btn btn-primary w-full"
      type="submit"
    >
      <!---->
      Submit
      
      <!---->
    </button>
    
    <!---->
    <!---->
  </form>
  
  
  
</div>
`;
