// Vitest Snapshot v1, https://vitest.dev/guide/snapshot.html

exports[`widgets > checkbox > snapshots > disabled 1`] = `
<div>
  <!---->
  <form
    class="flex flex-col gap-4"
  >
    <!---->
    <!---->
    <input
      name="__sjsf_id_prefix"
      type="hidden"
      value="root"
    />
    <!---->
     
    <!---->
    <!---->
    <div
      class="flex gap-2 flex-col"
      data-layout="field"
    >
      <!---->
      <!---->
       
      <div
        class="flex gap-2 items-start"
        data-layout="field-content"
      >
        <!---->
        <!---->
        <label
          class="label cursor-pointer gap-2"
        >
          <input
            aria-describedby="root::description root::help root::errors"
            aria-invalid="false"
            class="checkbox"
            disabled=""
            id="root"
            name="root"
            required=""
            type="checkbox"
          />
           
          <span
            class="label-text"
          >
            
          </span>
        </label>
        
        
        <!---->
      </div>
      <!---->
       
      <!---->
       
      <!---->
      <!---->
    </div>
    
    
    <!---->
    <!---->
     
    <!---->
    <button
      class="btn btn-primary w-full"
      disabled=""
      type="submit"
    >
      <!---->
      Submit
      
      <!---->
    </button>
    
    <!---->
    <!---->
  </form>
  
  
</div>
`;

exports[`widgets > checkbox > snapshots > error 1`] = `
<div>
  <!---->
  <form
    class="flex flex-col gap-4"
  >
    <!---->
    <!---->
    <input
      name="__sjsf_id_prefix"
      type="hidden"
      value="root"
    />
    <!---->
     
    <!---->
    <!---->
    <div
      class="flex gap-2 flex-col"
      data-layout="field"
    >
      <!---->
      <!---->
       
      <div
        class="flex gap-2 items-start"
        data-layout="field-content"
      >
        <!---->
        <!---->
        <label
          class="label cursor-pointer gap-2"
        >
          <input
            aria-describedby="root::description root::help root::errors"
            aria-invalid="true"
            class="checkbox checkbox-error"
            id="root"
            name="root"
            required=""
            type="checkbox"
          />
           
          <span
            class="label-text"
          >
            
          </span>
        </label>
        
        
        <!---->
      </div>
      <!---->
       
      <!---->
      <ul
        class="text-error list-disc list-inside"
        id="root::errors"
        tabindex="-1"
      >
        <li>
          error
        </li>
        
      </ul>
      
      <!---->
       
      <!---->
      <!---->
    </div>
    
    
    <!---->
    <!---->
     
    <!---->
    <button
      class="btn btn-primary w-full"
      type="submit"
    >
      <!---->
      Submit
      
      <!---->
    </button>
    
    <!---->
    <!---->
  </form>
  
  
</div>
`;

exports[`widgets > checkbox > snapshots > normal 1`] = `
<div>
  <!---->
  <form
    class="flex flex-col gap-4"
  >
    <!---->
    <!---->
    <input
      name="__sjsf_id_prefix"
      type="hidden"
      value="root"
    />
    <!---->
     
    <!---->
    <!---->
    <div
      class="flex gap-2 flex-col"
      data-layout="field"
    >
      <!---->
      <!---->
       
      <div
        class="flex gap-2 items-start"
        data-layout="field-content"
      >
        <!---->
        <!---->
        <label
          class="label cursor-pointer gap-2"
        >
          <input
            aria-describedby="root::description root::help root::errors"
            aria-invalid="false"
            class="checkbox"
            id="root"
            name="root"
            required=""
            type="checkbox"
          />
           
          <span
            class="label-text"
          >
            
          </span>
        </label>
        
        
        <!---->
      </div>
      <!---->
       
      <!---->
       
      <!---->
      <!---->
    </div>
    
    
    <!---->
    <!---->
     
    <!---->
    <button
      class="btn btn-primary w-full"
      type="submit"
    >
      <!---->
      Submit
      
      <!---->
    </button>
    
    <!---->
    <!---->
  </form>
  
  
</div>
`;

exports[`widgets > checkbox > snapshots > readonly 1`] = `
<div>
  <!---->
  <form
    class="flex flex-col gap-4"
  >
    <!---->
    <!---->
    <input
      name="__sjsf_id_prefix"
      type="hidden"
      value="root"
    />
    <!---->
     
    <!---->
    <!---->
    <div
      class="flex gap-2 flex-col"
      data-layout="field"
    >
      <!---->
      <!---->
       
      <div
        class="flex gap-2 items-start"
        data-layout="field-content"
      >
        <!---->
        <!---->
        <label
          class="label cursor-pointer gap-2"
        >
          <input
            aria-describedby="root::description root::help root::errors"
            aria-invalid="false"
            class="checkbox"
            id="root"
            name="root"
            readonly=""
            required=""
            type="checkbox"
          />
           
          <span
            class="label-text"
          >
            
          </span>
        </label>
        
        
        <!---->
      </div>
      <!---->
       
      <!---->
       
      <!---->
      <!---->
    </div>
    
    
    <!---->
    <!---->
     
    <!---->
    <button
      class="btn btn-primary w-full"
      type="submit"
    >
      <!---->
      Submit
      
      <!---->
    </button>
    
    <!---->
    <!---->
  </form>
  
  
</div>
`;

exports[`widgets > checkboxes > snapshots > disabled 1`] = `
<div>
  <!---->
  <form
    class="flex flex-col gap-4"
  >
    <!---->
    <!---->
    <input
      name="__sjsf_id_prefix"
      type="hidden"
      value="root"
    />
    <!---->
     
    <!---->
    <!---->
    <div
      class="flex gap-2 flex-col"
      data-layout="field"
    >
      <!---->
      <!---->
       
      <div
        class="flex gap-2 items-start"
        data-layout="field-content"
      >
        <!---->
        <!---->
        <!---->
        <label
          class="label cursor-pointer gap-2 justify-start"
        >
          <input
            aria-describedby="root::description root::help root::errors"
            aria-invalid="false"
            class="checkbox"
            disabled=""
            id="root::0"
            name="root"
            required=""
            type="checkbox"
            value="0"
          />
           
          <span
            class="label-text"
          >
            foo
          </span>
        </label>
        <label
          class="label cursor-pointer gap-2 justify-start"
        >
          <input
            aria-describedby="root::description root::help root::errors"
            aria-invalid="false"
            class="checkbox"
            disabled=""
            id="root::1"
            name="root"
            required=""
            type="checkbox"
            value="1"
          />
           
          <span
            class="label-text"
          >
            bar
          </span>
        </label>
        <label
          class="label cursor-pointer gap-2 justify-start"
        >
          <input
            aria-describedby="root::description root::help root::errors"
            aria-invalid="false"
            class="checkbox"
            disabled=""
            id="root::2"
            name="root"
            required=""
            type="checkbox"
            value="2"
          />
           
          <span
            class="label-text"
          >
            fuzz
          </span>
        </label>
        <label
          class="label cursor-pointer gap-2 justify-start"
        >
          <input
            aria-describedby="root::description root::help root::errors"
            aria-invalid="false"
            class="checkbox"
            disabled=""
            id="root::3"
            name="root"
            required=""
            type="checkbox"
            value="3"
          />
           
          <span
            class="label-text"
          >
            qux
          </span>
        </label>
        
        
        
        <!---->
      </div>
      <!---->
       
      <!---->
       
      <!---->
      <!---->
    </div>
    
    
    <!---->
    <!---->
     
    <!---->
    <button
      class="btn btn-primary w-full"
      disabled=""
      type="submit"
    >
      <!---->
      Submit
      
      <!---->
    </button>
    
    <!---->
    <!---->
  </form>
  
  
</div>
`;

exports[`widgets > checkboxes > snapshots > error 1`] = `
<div>
  <!---->
  <form
    class="flex flex-col gap-4"
  >
    <!---->
    <!---->
    <input
      name="__sjsf_id_prefix"
      type="hidden"
      value="root"
    />
    <!---->
     
    <!---->
    <!---->
    <div
      class="flex gap-2 flex-col"
      data-layout="field"
    >
      <!---->
      <!---->
       
      <div
        class="flex gap-2 items-start"
        data-layout="field-content"
      >
        <!---->
        <!---->
        <!---->
        <label
          class="label cursor-pointer gap-2 justify-start"
        >
          <input
            aria-describedby="root::description root::help root::errors"
            aria-invalid="true"
            class="checkbox checkbox-error"
            id="root::0"
            name="root"
            required=""
            type="checkbox"
            value="0"
          />
           
          <span
            class="label-text"
          >
            foo
          </span>
        </label>
        <label
          class="label cursor-pointer gap-2 justify-start"
        >
          <input
            aria-describedby="root::description root::help root::errors"
            aria-invalid="true"
            class="checkbox checkbox-error"
            id="root::1"
            name="root"
            required=""
            type="checkbox"
            value="1"
          />
           
          <span
            class="label-text"
          >
            bar
          </span>
        </label>
        <label
          class="label cursor-pointer gap-2 justify-start"
        >
          <input
            aria-describedby="root::description root::help root::errors"
            aria-invalid="true"
            class="checkbox checkbox-error"
            id="root::2"
            name="root"
            required=""
            type="checkbox"
            value="2"
          />
           
          <span
            class="label-text"
          >
            fuzz
          </span>
        </label>
        <label
          class="label cursor-pointer gap-2 justify-start"
        >
          <input
            aria-describedby="root::description root::help root::errors"
            aria-invalid="true"
            class="checkbox checkbox-error"
            id="root::3"
            name="root"
            required=""
            type="checkbox"
            value="3"
          />
           
          <span
            class="label-text"
          >
            qux
          </span>
        </label>
        
        
        
        <!---->
      </div>
      <!---->
       
      <!---->
      <ul
        class="text-error list-disc list-inside"
        id="root::errors"
        tabindex="-1"
      >
        <li>
          error
        </li>
        
      </ul>
      
      <!---->
       
      <!---->
      <!---->
    </div>
    
    
    <!---->
    <!---->
     
    <!---->
    <button
      class="btn btn-primary w-full"
      type="submit"
    >
      <!---->
      Submit
      
      <!---->
    </button>
    
    <!---->
    <!---->
  </form>
  
  
</div>
`;

exports[`widgets > checkboxes > snapshots > normal 1`] = `
<div>
  <!---->
  <form
    class="flex flex-col gap-4"
  >
    <!---->
    <!---->
    <input
      name="__sjsf_id_prefix"
      type="hidden"
      value="root"
    />
    <!---->
     
    <!---->
    <!---->
    <div
      class="flex gap-2 flex-col"
      data-layout="field"
    >
      <!---->
      <!---->
       
      <div
        class="flex gap-2 items-start"
        data-layout="field-content"
      >
        <!---->
        <!---->
        <!---->
        <label
          class="label cursor-pointer gap-2 justify-start"
        >
          <input
            aria-describedby="root::description root::help root::errors"
            aria-invalid="false"
            class="checkbox"
            id="root::0"
            name="root"
            required=""
            type="checkbox"
            value="0"
          />
           
          <span
            class="label-text"
          >
            foo
          </span>
        </label>
        <label
          class="label cursor-pointer gap-2 justify-start"
        >
          <input
            aria-describedby="root::description root::help root::errors"
            aria-invalid="false"
            class="checkbox"
            id="root::1"
            name="root"
            required=""
            type="checkbox"
            value="1"
          />
           
          <span
            class="label-text"
          >
            bar
          </span>
        </label>
        <label
          class="label cursor-pointer gap-2 justify-start"
        >
          <input
            aria-describedby="root::description root::help root::errors"
            aria-invalid="false"
            class="checkbox"
            id="root::2"
            name="root"
            required=""
            type="checkbox"
            value="2"
          />
           
          <span
            class="label-text"
          >
            fuzz
          </span>
        </label>
        <label
          class="label cursor-pointer gap-2 justify-start"
        >
          <input
            aria-describedby="root::description root::help root::errors"
            aria-invalid="false"
            class="checkbox"
            id="root::3"
            name="root"
            required=""
            type="checkbox"
            value="3"
          />
           
          <span
            class="label-text"
          >
            qux
          </span>
        </label>
        
        
        
        <!---->
      </div>
      <!---->
       
      <!---->
       
      <!---->
      <!---->
    </div>
    
    
    <!---->
    <!---->
     
    <!---->
    <button
      class="btn btn-primary w-full"
      type="submit"
    >
      <!---->
      Submit
      
      <!---->
    </button>
    
    <!---->
    <!---->
  </form>
  
  
</div>
`;

exports[`widgets > checkboxes > snapshots > readonly 1`] = `
<div>
  <!---->
  <form
    class="flex flex-col gap-4"
  >
    <!---->
    <!---->
    <input
      name="__sjsf_id_prefix"
      type="hidden"
      value="root"
    />
    <!---->
     
    <!---->
    <!---->
    <div
      class="flex gap-2 flex-col"
      data-layout="field"
    >
      <!---->
      <!---->
       
      <div
        class="flex gap-2 items-start"
        data-layout="field-content"
      >
        <!---->
        <!---->
        <!---->
        <label
          class="label cursor-pointer gap-2 justify-start"
        >
          <input
            aria-describedby="root::description root::help root::errors"
            aria-invalid="false"
            class="checkbox"
            id="root::0"
            name="root"
            readonly=""
            required=""
            type="checkbox"
            value="0"
          />
           
          <span
            class="label-text"
          >
            foo
          </span>
        </label>
        <label
          class="label cursor-pointer gap-2 justify-start"
        >
          <input
            aria-describedby="root::description root::help root::errors"
            aria-invalid="false"
            class="checkbox"
            id="root::1"
            name="root"
            readonly=""
            required=""
            type="checkbox"
            value="1"
          />
           
          <span
            class="label-text"
          >
            bar
          </span>
        </label>
        <label
          class="label cursor-pointer gap-2 justify-start"
        >
          <input
            aria-describedby="root::description root::help root::errors"
            aria-invalid="false"
            class="checkbox"
            id="root::2"
            name="root"
            readonly=""
            required=""
            type="checkbox"
            value="2"
          />
           
          <span
            class="label-text"
          >
            fuzz
          </span>
        </label>
        <label
          class="label cursor-pointer gap-2 justify-start"
        >
          <input
            aria-describedby="root::description root::help root::errors"
            aria-invalid="false"
            class="checkbox"
            id="root::3"
            name="root"
            readonly=""
            required=""
            type="checkbox"
            value="3"
          />
           
          <span
            class="label-text"
          >
            qux
          </span>
        </label>
        
        
        
        <!---->
      </div>
      <!---->
       
      <!---->
       
      <!---->
      <!---->
    </div>
    
    
    <!---->
    <!---->
     
    <!---->
    <button
      class="btn btn-primary w-full"
      type="submit"
    >
      <!---->
      Submit
      
      <!---->
    </button>
    
    <!---->
    <!---->
  </form>
  
  
</div>
`;

exports[`widgets > datePicker > snapshots > disabled 1`] = `
<div>
  <!---->
  <form
    class="flex flex-col gap-4"
  >
    <!---->
    <!---->
    <input
      name="__sjsf_id_prefix"
      type="hidden"
      value="root"
    />
    <!---->
     
    <!---->
    <!---->
    <div
      class="flex gap-2 flex-col"
      data-layout="field"
    >
      <!---->
      <!---->
       
      <div
        class="flex gap-2 items-start"
        data-layout="field-content"
      >
        <!---->
        <!---->
        <input
          aria-describedby="root::description root::help root::errors"
          aria-invalid="false"
          class="input input-bordered grow"
          disabled=""
          id="root"
          name="root"
          required=""
          type="date"
        />
        
        
        <!---->
      </div>
      <!---->
       
      <!---->
       
      <!---->
      <!---->
    </div>
    
    
    <!---->
    <!---->
     
    <!---->
    <button
      class="btn btn-primary w-full"
      disabled=""
      type="submit"
    >
      <!---->
      Submit
      
      <!---->
    </button>
    
    <!---->
    <!---->
  </form>
  
  
</div>
`;

exports[`widgets > datePicker > snapshots > error 1`] = `
<div>
  <!---->
  <form
    class="flex flex-col gap-4"
  >
    <!---->
    <!---->
    <input
      name="__sjsf_id_prefix"
      type="hidden"
      value="root"
    />
    <!---->
     
    <!---->
    <!---->
    <div
      class="flex gap-2 flex-col"
      data-layout="field"
    >
      <!---->
      <!---->
       
      <div
        class="flex gap-2 items-start"
        data-layout="field-content"
      >
        <!---->
        <!---->
        <input
          aria-describedby="root::description root::help root::errors"
          aria-invalid="true"
          class="input input-bordered grow input-error"
          id="root"
          name="root"
          required=""
          type="date"
        />
        
        
        <!---->
      </div>
      <!---->
       
      <!---->
      <ul
        class="text-error list-disc list-inside"
        id="root::errors"
        tabindex="-1"
      >
        <li>
          error
        </li>
        
      </ul>
      
      <!---->
       
      <!---->
      <!---->
    </div>
    
    
    <!---->
    <!---->
     
    <!---->
    <button
      class="btn btn-primary w-full"
      type="submit"
    >
      <!---->
      Submit
      
      <!---->
    </button>
    
    <!---->
    <!---->
  </form>
  
  
</div>
`;

exports[`widgets > datePicker > snapshots > normal 1`] = `
<div>
  <!---->
  <form
    class="flex flex-col gap-4"
  >
    <!---->
    <!---->
    <input
      name="__sjsf_id_prefix"
      type="hidden"
      value="root"
    />
    <!---->
     
    <!---->
    <!---->
    <div
      class="flex gap-2 flex-col"
      data-layout="field"
    >
      <!---->
      <!---->
       
      <div
        class="flex gap-2 items-start"
        data-layout="field-content"
      >
        <!---->
        <!---->
        <input
          aria-describedby="root::description root::help root::errors"
          aria-invalid="false"
          class="input input-bordered grow"
          id="root"
          name="root"
          required=""
          type="date"
        />
        
        
        <!---->
      </div>
      <!---->
       
      <!---->
       
      <!---->
      <!---->
    </div>
    
    
    <!---->
    <!---->
     
    <!---->
    <button
      class="btn btn-primary w-full"
      type="submit"
    >
      <!---->
      Submit
      
      <!---->
    </button>
    
    <!---->
    <!---->
  </form>
  
  
</div>
`;

exports[`widgets > datePicker > snapshots > readonly 1`] = `
<div>
  <!---->
  <form
    class="flex flex-col gap-4"
  >
    <!---->
    <!---->
    <input
      name="__sjsf_id_prefix"
      type="hidden"
      value="root"
    />
    <!---->
     
    <!---->
    <!---->
    <div
      class="flex gap-2 flex-col"
      data-layout="field"
    >
      <!---->
      <!---->
       
      <div
        class="flex gap-2 items-start"
        data-layout="field-content"
      >
        <!---->
        <!---->
        <input
          aria-describedby="root::description root::help root::errors"
          aria-invalid="false"
          class="input input-bordered grow"
          id="root"
          name="root"
          readonly=""
          required=""
          type="date"
        />
        
        
        <!---->
      </div>
      <!---->
       
      <!---->
       
      <!---->
      <!---->
    </div>
    
    
    <!---->
    <!---->
     
    <!---->
    <button
      class="btn btn-primary w-full"
      type="submit"
    >
      <!---->
      Submit
      
      <!---->
    </button>
    
    <!---->
    <!---->
  </form>
  
  
</div>
`;

exports[`widgets > file > snapshots > disabled 1`] = `
<div>
  <!---->
  <form
    class="flex flex-col gap-4"
  >
    <!---->
    <!---->
    <input
      name="__sjsf_id_prefix"
      type="hidden"
      value="root"
    />
    <!---->
     
    <!---->
    <!---->
    <div
      class="flex gap-2 flex-col"
      data-layout="field"
    >
      <!---->
      <!---->
       
      <div
        class="flex gap-2 items-start"
        data-layout="field-content"
      >
        <!---->
        <!---->
        <input
          aria-describedby="root::description root::help root::errors"
          aria-invalid="false"
          class="file-input grow"
          data-loading="false"
          data-processing="false"
          disabled=""
          id="root"
          name="root"
          required=""
          type="file"
        />
        
        
        <!---->
      </div>
      <!---->
       
      <!---->
       
      <!---->
      <!---->
    </div>
    
    
    <!---->
    <!---->
     
    <!---->
    <button
      class="btn btn-primary w-full"
      disabled=""
      type="submit"
    >
      <!---->
      Submit
      
      <!---->
    </button>
    
    <!---->
    <!---->
  </form>
  
  
</div>
`;

exports[`widgets > file > snapshots > error 1`] = `
<div>
  <!---->
  <form
    class="flex flex-col gap-4"
  >
    <!---->
    <!---->
    <input
      name="__sjsf_id_prefix"
      type="hidden"
      value="root"
    />
    <!---->
     
    <!---->
    <!---->
    <div
      class="flex gap-2 flex-col"
      data-layout="field"
    >
      <!---->
      <!---->
       
      <div
        class="flex gap-2 items-start"
        data-layout="field-content"
      >
        <!---->
        <!---->
        <input
          aria-describedby="root::description root::help root::errors"
          aria-invalid="true"
          class="file-input grow file-input-error"
          data-loading="false"
          data-processing="false"
          id="root"
          name="root"
          required=""
          type="file"
        />
        
        
        <!---->
      </div>
      <!---->
       
      <!---->
      <ul
        class="text-error list-disc list-inside"
        id="root::errors"
        tabindex="-1"
      >
        <li>
          error
        </li>
        
      </ul>
      
      <!---->
       
      <!---->
      <!---->
    </div>
    
    
    <!---->
    <!---->
     
    <!---->
    <button
      class="btn btn-primary w-full"
      type="submit"
    >
      <!---->
      Submit
      
      <!---->
    </button>
    
    <!---->
    <!---->
  </form>
  
  
</div>
`;

exports[`widgets > file > snapshots > normal 1`] = `
<div>
  <!---->
  <form
    class="flex flex-col gap-4"
  >
    <!---->
    <!---->
    <input
      name="__sjsf_id_prefix"
      type="hidden"
      value="root"
    />
    <!---->
     
    <!---->
    <!---->
    <div
      class="flex gap-2 flex-col"
      data-layout="field"
    >
      <!---->
      <!---->
       
      <div
        class="flex gap-2 items-start"
        data-layout="field-content"
      >
        <!---->
        <!---->
        <input
          aria-describedby="root::description root::help root::errors"
          aria-invalid="false"
          class="file-input grow"
          data-loading="false"
          data-processing="false"
          id="root"
          name="root"
          required=""
          type="file"
        />
        
        
        <!---->
      </div>
      <!---->
       
      <!---->
       
      <!---->
      <!---->
    </div>
    
    
    <!---->
    <!---->
     
    <!---->
    <button
      class="btn btn-primary w-full"
      type="submit"
    >
      <!---->
      Submit
      
      <!---->
    </button>
    
    <!---->
    <!---->
  </form>
  
  
</div>
`;

exports[`widgets > file > snapshots > readonly 1`] = `
<div>
  <!---->
  <form
    class="flex flex-col gap-4"
  >
    <!---->
    <!---->
    <input
      name="__sjsf_id_prefix"
      type="hidden"
      value="root"
    />
    <!---->
     
    <!---->
    <!---->
    <div
      class="flex gap-2 flex-col"
      data-layout="field"
    >
      <!---->
      <!---->
       
      <div
        class="flex gap-2 items-start"
        data-layout="field-content"
      >
        <!---->
        <!---->
        <input
          aria-describedby="root::description root::help root::errors"
          aria-invalid="false"
          class="file-input grow"
          data-loading="false"
          data-processing="false"
          id="root"
          name="root"
          readonly=""
          required=""
          type="file"
        />
        
        
        <!---->
      </div>
      <!---->
       
      <!---->
       
      <!---->
      <!---->
    </div>
    
    
    <!---->
    <!---->
     
    <!---->
    <button
      class="btn btn-primary w-full"
      type="submit"
    >
      <!---->
      Submit
      
      <!---->
    </button>
    
    <!---->
    <!---->
  </form>
  
  
</div>
`;

exports[`widgets > multiFile > snapshots > disabled 1`] = `
<div>
  <!---->
  <form
    class="flex flex-col gap-4"
  >
    <!---->
    <!---->
    <input
      name="__sjsf_id_prefix"
      type="hidden"
      value="root"
    />
    <!---->
     
    <!---->
    <!---->
    <div
      class="flex gap-2 flex-col"
      data-layout="field"
    >
      <!---->
      <!---->
       
      <div
        class="flex gap-2 items-start"
        data-layout="field-content"
      >
        <!---->
        <!---->
        <input
          aria-describedby="root::description root::help root::errors"
          aria-invalid="false"
          class="file-input grow"
          data-loading="true"
          data-processing="false"
          disabled=""
          id="root"
          multiple=""
          name="root"
          required=""
          type="file"
        />
        
        
        <!---->
      </div>
      <!---->
       
      <!---->
       
      <!---->
      <!---->
    </div>
    
    
    <!---->
    <!---->
     
    <!---->
    <button
      class="btn btn-primary w-full"
      disabled=""
      type="submit"
    >
      <!---->
      Submit
      
      <!---->
    </button>
    
    <!---->
    <!---->
  </form>
  
  
</div>
`;

exports[`widgets > multiFile > snapshots > error 1`] = `
<div>
  <!---->
  <form
    class="flex flex-col gap-4"
  >
    <!---->
    <!---->
    <input
      name="__sjsf_id_prefix"
      type="hidden"
      value="root"
    />
    <!---->
     
    <!---->
    <!---->
    <div
      class="flex gap-2 flex-col"
      data-layout="field"
    >
      <!---->
      <!---->
       
      <div
        class="flex gap-2 items-start"
        data-layout="field-content"
      >
        <!---->
        <!---->
        <input
          aria-describedby="root::description root::help root::errors"
          aria-invalid="true"
          class="file-input grow file-input-error"
          data-loading="true"
          data-processing="false"
          id="root"
          multiple=""
          name="root"
          required=""
          type="file"
        />
        
        
        <!---->
      </div>
      <!---->
       
      <!---->
      <ul
        class="text-error list-disc list-inside"
        id="root::errors"
        tabindex="-1"
      >
        <li>
          error
        </li>
        
      </ul>
      
      <!---->
       
      <!---->
      <!---->
    </div>
    
    
    <!---->
    <!---->
     
    <!---->
    <button
      class="btn btn-primary w-full"
      type="submit"
    >
      <!---->
      Submit
      
      <!---->
    </button>
    
    <!---->
    <!---->
  </form>
  
  
</div>
`;

exports[`widgets > multiFile > snapshots > normal 1`] = `
<div>
  <!---->
  <form
    class="flex flex-col gap-4"
  >
    <!---->
    <!---->
    <input
      name="__sjsf_id_prefix"
      type="hidden"
      value="root"
    />
    <!---->
     
    <!---->
    <!---->
    <div
      class="flex gap-2 flex-col"
      data-layout="field"
    >
      <!---->
      <!---->
       
      <div
        class="flex gap-2 items-start"
        data-layout="field-content"
      >
        <!---->
        <!---->
        <input
          aria-describedby="root::description root::help root::errors"
          aria-invalid="false"
          class="file-input grow"
          data-loading="true"
          data-processing="false"
          id="root"
          multiple=""
          name="root"
          required=""
          type="file"
        />
        
        
        <!---->
      </div>
      <!---->
       
      <!---->
       
      <!---->
      <!---->
    </div>
    
    
    <!---->
    <!---->
     
    <!---->
    <button
      class="btn btn-primary w-full"
      type="submit"
    >
      <!---->
      Submit
      
      <!---->
    </button>
    
    <!---->
    <!---->
  </form>
  
  
</div>
`;

exports[`widgets > multiFile > snapshots > readonly 1`] = `
<div>
  <!---->
  <form
    class="flex flex-col gap-4"
  >
    <!---->
    <!---->
    <input
      name="__sjsf_id_prefix"
      type="hidden"
      value="root"
    />
    <!---->
     
    <!---->
    <!---->
    <div
      class="flex gap-2 flex-col"
      data-layout="field"
    >
      <!---->
      <!---->
       
      <div
        class="flex gap-2 items-start"
        data-layout="field-content"
      >
        <!---->
        <!---->
        <input
          aria-describedby="root::description root::help root::errors"
          aria-invalid="false"
          class="file-input grow"
          data-loading="true"
          data-processing="false"
          id="root"
          multiple=""
          name="root"
          readonly=""
          required=""
          type="file"
        />
        
        
        <!---->
      </div>
      <!---->
       
      <!---->
       
      <!---->
      <!---->
    </div>
    
    
    <!---->
    <!---->
     
    <!---->
    <button
      class="btn btn-primary w-full"
      type="submit"
    >
      <!---->
      Submit
      
      <!---->
    </button>
    
    <!---->
    <!---->
  </form>
  
  
</div>
`;

exports[`widgets > multiSelect > snapshots > disabled 1`] = `
<div>
  <!---->
  <form
    class="flex flex-col gap-4"
  >
    <!---->
    <!---->
    <input
      name="__sjsf_id_prefix"
      type="hidden"
      value="root"
    />
    <!---->
     
    <!---->
    <!---->
    <div
      class="flex gap-2 flex-col"
      data-layout="field"
    >
      <!---->
      <!---->
       
      <div
        class="flex gap-2 items-start"
        data-layout="field-content"
      >
        <!---->
        <!---->
        <select
          aria-describedby="root::description root::help root::errors"
          aria-invalid="false"
          class="select select-bordered grow"
          disabled=""
          id="root"
          multiple=""
          name="root"
          required=""
        >
          <option
            value="0"
          >
            foo
          </option>
          <option
            value="1"
          >
            bar
          </option>
          <option
            value="2"
          >
            fuzz
          </option>
          <option
            value="3"
          >
            qux
          </option>
          
        </select>
        
        
        <!---->
      </div>
      <!---->
       
      <!---->
       
      <!---->
      <!---->
    </div>
    
    
    <!---->
    <!---->
     
    <!---->
    <button
      class="btn btn-primary w-full"
      disabled=""
      type="submit"
    >
      <!---->
      Submit
      
      <!---->
    </button>
    
    <!---->
    <!---->
  </form>
  
  
</div>
`;

exports[`widgets > multiSelect > snapshots > error 1`] = `
<div>
  <!---->
  <form
    class="flex flex-col gap-4"
  >
    <!---->
    <!---->
    <input
      name="__sjsf_id_prefix"
      type="hidden"
      value="root"
    />
    <!---->
     
    <!---->
    <!---->
    <div
      class="flex gap-2 flex-col"
      data-layout="field"
    >
      <!---->
      <!---->
       
      <div
        class="flex gap-2 items-start"
        data-layout="field-content"
      >
        <!---->
        <!---->
        <select
          aria-describedby="root::description root::help root::errors"
          aria-invalid="true"
          class="select select-bordered grow select-error"
          id="root"
          multiple=""
          name="root"
          required=""
        >
          <option
            value="0"
          >
            foo
          </option>
          <option
            value="1"
          >
            bar
          </option>
          <option
            value="2"
          >
            fuzz
          </option>
          <option
            value="3"
          >
            qux
          </option>
          
        </select>
        
        
        <!---->
      </div>
      <!---->
       
      <!---->
      <ul
        class="text-error list-disc list-inside"
        id="root::errors"
        tabindex="-1"
      >
        <li>
          error
        </li>
        
      </ul>
      
      <!---->
       
      <!---->
      <!---->
    </div>
    
    
    <!---->
    <!---->
     
    <!---->
    <button
      class="btn btn-primary w-full"
      type="submit"
    >
      <!---->
      Submit
      
      <!---->
    </button>
    
    <!---->
    <!---->
  </form>
  
  
</div>
`;

exports[`widgets > multiSelect > snapshots > normal 1`] = `
<div>
  <!---->
  <form
    class="flex flex-col gap-4"
  >
    <!---->
    <!---->
    <input
      name="__sjsf_id_prefix"
      type="hidden"
      value="root"
    />
    <!---->
     
    <!---->
    <!---->
    <div
      class="flex gap-2 flex-col"
      data-layout="field"
    >
      <!---->
      <!---->
       
      <div
        class="flex gap-2 items-start"
        data-layout="field-content"
      >
        <!---->
        <!---->
        <select
          aria-describedby="root::description root::help root::errors"
          aria-invalid="false"
          class="select select-bordered grow"
          id="root"
          multiple=""
          name="root"
          required=""
        >
          <option
            value="0"
          >
            foo
          </option>
          <option
            value="1"
          >
            bar
          </option>
          <option
            value="2"
          >
            fuzz
          </option>
          <option
            value="3"
          >
            qux
          </option>
          
        </select>
        
        
        <!---->
      </div>
      <!---->
       
      <!---->
       
      <!---->
      <!---->
    </div>
    
    
    <!---->
    <!---->
     
    <!---->
    <button
      class="btn btn-primary w-full"
      type="submit"
    >
      <!---->
      Submit
      
      <!---->
    </button>
    
    <!---->
    <!---->
  </form>
  
  
</div>
`;

exports[`widgets > multiSelect > snapshots > readonly 1`] = `
<div>
  <!---->
  <form
    class="flex flex-col gap-4"
  >
    <!---->
    <!---->
    <input
      name="__sjsf_id_prefix"
      type="hidden"
      value="root"
    />
    <!---->
     
    <!---->
    <!---->
    <div
      class="flex gap-2 flex-col"
      data-layout="field"
    >
      <!---->
      <!---->
       
      <div
        class="flex gap-2 items-start"
        data-layout="field-content"
      >
        <!---->
        <!---->
        <select
          aria-describedby="root::description root::help root::errors"
          aria-invalid="false"
          class="select select-bordered grow"
          id="root"
          multiple=""
          name="root"
          required=""
        >
          <option
            value="0"
          >
            foo
          </option>
          <option
            value="1"
          >
            bar
          </option>
          <option
            value="2"
          >
            fuzz
          </option>
          <option
            value="3"
          >
            qux
          </option>
          
        </select>
        
        
        <!---->
      </div>
      <!---->
       
      <!---->
       
      <!---->
      <!---->
    </div>
    
    
    <!---->
    <!---->
     
    <!---->
    <button
      class="btn btn-primary w-full"
      type="submit"
    >
      <!---->
      Submit
      
      <!---->
    </button>
    
    <!---->
    <!---->
  </form>
  
  
</div>
`;

exports[`widgets > number > snapshots > disabled 1`] = `
<div>
  <!---->
  <form
    class="flex flex-col gap-4"
  >
    <!---->
    <!---->
    <input
      name="__sjsf_id_prefix"
      type="hidden"
      value="root"
    />
    <!---->
     
    <!---->
    <!---->
    <div
      class="flex gap-2 flex-col"
      data-layout="field"
    >
      <!---->
      <!---->
       
      <div
        class="flex gap-2 items-start"
        data-layout="field-content"
      >
        <!---->
        <!---->
        <input
          aria-describedby="root::description root::help root::errors"
          aria-invalid="false"
          class="input input-bordered grow"
          disabled=""
          id="root"
          name="root"
          required=""
          step="any"
          type="number"
        />
         
        <!---->
        
        <!---->
        
        
        <!---->
      </div>
      <!---->
       
      <!---->
       
      <!---->
      <!---->
    </div>
    
    
    <!---->
    <!---->
     
    <!---->
    <button
      class="btn btn-primary w-full"
      disabled=""
      type="submit"
    >
      <!---->
      Submit
      
      <!---->
    </button>
    
    <!---->
    <!---->
  </form>
  
  
</div>
`;

exports[`widgets > number > snapshots > error 1`] = `
<div>
  <!---->
  <form
    class="flex flex-col gap-4"
  >
    <!---->
    <!---->
    <input
      name="__sjsf_id_prefix"
      type="hidden"
      value="root"
    />
    <!---->
     
    <!---->
    <!---->
    <div
      class="flex gap-2 flex-col"
      data-layout="field"
    >
      <!---->
      <!---->
       
      <div
        class="flex gap-2 items-start"
        data-layout="field-content"
      >
        <!---->
        <!---->
        <input
          aria-describedby="root::description root::help root::errors"
          aria-invalid="true"
          class="input input-bordered grow input-error"
          id="root"
          name="root"
          required=""
          step="any"
          type="number"
        />
         
        <!---->
        
        <!---->
        
        
        <!---->
      </div>
      <!---->
       
      <!---->
      <ul
        class="text-error list-disc list-inside"
        id="root::errors"
        tabindex="-1"
      >
        <li>
          error
        </li>
        
      </ul>
      
      <!---->
       
      <!---->
      <!---->
    </div>
    
    
    <!---->
    <!---->
     
    <!---->
    <button
      class="btn btn-primary w-full"
      type="submit"
    >
      <!---->
      Submit
      
      <!---->
    </button>
    
    <!---->
    <!---->
  </form>
  
  
</div>
`;

exports[`widgets > number > snapshots > normal 1`] = `
<div>
  <!---->
  <form
    class="flex flex-col gap-4"
  >
    <!---->
    <!---->
    <input
      name="__sjsf_id_prefix"
      type="hidden"
      value="root"
    />
    <!---->
     
    <!---->
    <!---->
    <div
      class="flex gap-2 flex-col"
      data-layout="field"
    >
      <!---->
      <!---->
       
      <div
        class="flex gap-2 items-start"
        data-layout="field-content"
      >
        <!---->
        <!---->
        <input
          aria-describedby="root::description root::help root::errors"
          aria-invalid="false"
          class="input input-bordered grow"
          id="root"
          name="root"
          required=""
          step="any"
          type="number"
        />
         
        <!---->
        
        <!---->
        
        
        <!---->
      </div>
      <!---->
       
      <!---->
       
      <!---->
      <!---->
    </div>
    
    
    <!---->
    <!---->
     
    <!---->
    <button
      class="btn btn-primary w-full"
      type="submit"
    >
      <!---->
      Submit
      
      <!---->
    </button>
    
    <!---->
    <!---->
  </form>
  
  
</div>
`;

exports[`widgets > number > snapshots > readonly 1`] = `
<div>
  <!---->
  <form
    class="flex flex-col gap-4"
  >
    <!---->
    <!---->
    <input
      name="__sjsf_id_prefix"
      type="hidden"
      value="root"
    />
    <!---->
     
    <!---->
    <!---->
    <div
      class="flex gap-2 flex-col"
      data-layout="field"
    >
      <!---->
      <!---->
       
      <div
        class="flex gap-2 items-start"
        data-layout="field-content"
      >
        <!---->
        <!---->
        <input
          aria-describedby="root::description root::help root::errors"
          aria-invalid="false"
          class="input input-bordered grow"
          id="root"
          name="root"
          readonly=""
          required=""
          step="any"
          type="number"
        />
         
        <!---->
        
        <!---->
        
        
        <!---->
      </div>
      <!---->
       
      <!---->
       
      <!---->
      <!---->
    </div>
    
    
    <!---->
    <!---->
     
    <!---->
    <button
      class="btn btn-primary w-full"
      type="submit"
    >
      <!---->
      Submit
      
      <!---->
    </button>
    
    <!---->
    <!---->
  </form>
  
  
</div>
`;

exports[`widgets > radio > snapshots > disabled 1`] = `
<div>
  <!---->
  <form
    class="flex flex-col gap-4"
  >
    <!---->
    <!---->
    <input
      name="__sjsf_id_prefix"
      type="hidden"
      value="root"
    />
    <!---->
     
    <!---->
    <!---->
    <div
      class="flex gap-2 flex-col"
      data-layout="field"
    >
      <!---->
      <!---->
       
      <div
        class="flex gap-2 items-start"
        data-layout="field-content"
      >
        <!---->
        <!---->
        <!---->
        <label
          class="label cursor-pointer gap-2"
        >
          <input
            aria-describedby="root::description root::help root::errors"
            aria-invalid="false"
            class="radio"
            disabled=""
            id="root::0"
            name="root"
            required=""
            type="radio"
            value="0"
          />
           
          <span
            class="label-text"
          >
            foo
          </span>
        </label>
        <label
          class="label cursor-pointer gap-2"
        >
          <input
            aria-describedby="root::description root::help root::errors"
            aria-invalid="false"
            class="radio"
            disabled=""
            id="root::1"
            name="root"
            required=""
            type="radio"
            value="1"
          />
           
          <span
            class="label-text"
          >
            bar
          </span>
        </label>
        <label
          class="label cursor-pointer gap-2"
        >
          <input
            aria-describedby="root::description root::help root::errors"
            aria-invalid="false"
            class="radio"
            disabled=""
            id="root::2"
            name="root"
            required=""
            type="radio"
            value="2"
          />
           
          <span
            class="label-text"
          >
            fuzz
          </span>
        </label>
        <label
          class="label cursor-pointer gap-2"
        >
          <input
            aria-describedby="root::description root::help root::errors"
            aria-invalid="false"
            class="radio"
            disabled=""
            id="root::3"
            name="root"
            required=""
            type="radio"
            value="3"
          />
           
          <span
            class="label-text"
          >
            qux
          </span>
        </label>
        
        
        
        <!---->
      </div>
      <!---->
       
      <!---->
       
      <!---->
      <!---->
    </div>
    
    
    <!---->
    <!---->
     
    <!---->
    <button
      class="btn btn-primary w-full"
      disabled=""
      type="submit"
    >
      <!---->
      Submit
      
      <!---->
    </button>
    
    <!---->
    <!---->
  </form>
  
  
</div>
`;

exports[`widgets > radio > snapshots > error 1`] = `
<div>
  <!---->
  <form
    class="flex flex-col gap-4"
  >
    <!---->
    <!---->
    <input
      name="__sjsf_id_prefix"
      type="hidden"
      value="root"
    />
    <!---->
     
    <!---->
    <!---->
    <div
      class="flex gap-2 flex-col"
      data-layout="field"
    >
      <!---->
      <!---->
       
      <div
        class="flex gap-2 items-start"
        data-layout="field-content"
      >
        <!---->
        <!---->
        <!---->
        <label
          class="label cursor-pointer gap-2"
        >
          <input
            aria-describedby="root::description root::help root::errors"
            aria-invalid="true"
            class="radio radio-error"
            id="root::0"
            name="root"
            required=""
            type="radio"
            value="0"
          />
           
          <span
            class="label-text"
          >
            foo
          </span>
        </label>
        <label
          class="label cursor-pointer gap-2"
        >
          <input
            aria-describedby="root::description root::help root::errors"
            aria-invalid="true"
            class="radio radio-error"
            id="root::1"
            name="root"
            required=""
            type="radio"
            value="1"
          />
           
          <span
            class="label-text"
          >
            bar
          </span>
        </label>
        <label
          class="label cursor-pointer gap-2"
        >
          <input
            aria-describedby="root::description root::help root::errors"
            aria-invalid="true"
            class="radio radio-error"
            id="root::2"
            name="root"
            required=""
            type="radio"
            value="2"
          />
           
          <span
            class="label-text"
          >
            fuzz
          </span>
        </label>
        <label
          class="label cursor-pointer gap-2"
        >
          <input
            aria-describedby="root::description root::help root::errors"
            aria-invalid="true"
            class="radio radio-error"
            id="root::3"
            name="root"
            required=""
            type="radio"
            value="3"
          />
           
          <span
            class="label-text"
          >
            qux
          </span>
        </label>
        
        
        
        <!---->
      </div>
      <!---->
       
      <!---->
      <ul
        class="text-error list-disc list-inside"
        id="root::errors"
        tabindex="-1"
      >
        <li>
          error
        </li>
        
      </ul>
      
      <!---->
       
      <!---->
      <!---->
    </div>
    
    
    <!---->
    <!---->
     
    <!---->
    <button
      class="btn btn-primary w-full"
      type="submit"
    >
      <!---->
      Submit
      
      <!---->
    </button>
    
    <!---->
    <!---->
  </form>
  
  
</div>
`;

exports[`widgets > radio > snapshots > normal 1`] = `
<div>
  <!---->
  <form
    class="flex flex-col gap-4"
  >
    <!---->
    <!---->
    <input
      name="__sjsf_id_prefix"
      type="hidden"
      value="root"
    />
    <!---->
     
    <!---->
    <!---->
    <div
      class="flex gap-2 flex-col"
      data-layout="field"
    >
      <!---->
      <!---->
       
      <div
        class="flex gap-2 items-start"
        data-layout="field-content"
      >
        <!---->
        <!---->
        <!---->
        <label
          class="label cursor-pointer gap-2"
        >
          <input
            aria-describedby="root::description root::help root::errors"
            aria-invalid="false"
            class="radio"
            id="root::0"
            name="root"
            required=""
            type="radio"
            value="0"
          />
           
          <span
            class="label-text"
          >
            foo
          </span>
        </label>
        <label
          class="label cursor-pointer gap-2"
        >
          <input
            aria-describedby="root::description root::help root::errors"
            aria-invalid="false"
            class="radio"
            id="root::1"
            name="root"
            required=""
            type="radio"
            value="1"
          />
           
          <span
            class="label-text"
          >
            bar
          </span>
        </label>
        <label
          class="label cursor-pointer gap-2"
        >
          <input
            aria-describedby="root::description root::help root::errors"
            aria-invalid="false"
            class="radio"
            id="root::2"
            name="root"
            required=""
            type="radio"
            value="2"
          />
           
          <span
            class="label-text"
          >
            fuzz
          </span>
        </label>
        <label
          class="label cursor-pointer gap-2"
        >
          <input
            aria-describedby="root::description root::help root::errors"
            aria-invalid="false"
            class="radio"
            id="root::3"
            name="root"
            required=""
            type="radio"
            value="3"
          />
           
          <span
            class="label-text"
          >
            qux
          </span>
        </label>
        
        
        
        <!---->
      </div>
      <!---->
       
      <!---->
       
      <!---->
      <!---->
    </div>
    
    
    <!---->
    <!---->
     
    <!---->
    <button
      class="btn btn-primary w-full"
      type="submit"
    >
      <!---->
      Submit
      
      <!---->
    </button>
    
    <!---->
    <!---->
  </form>
  
  
</div>
`;

exports[`widgets > radio > snapshots > readonly 1`] = `
<div>
  <!---->
  <form
    class="flex flex-col gap-4"
  >
    <!---->
    <!---->
    <input
      name="__sjsf_id_prefix"
      type="hidden"
      value="root"
    />
    <!---->
     
    <!---->
    <!---->
    <div
      class="flex gap-2 flex-col"
      data-layout="field"
    >
      <!---->
      <!---->
       
      <div
        class="flex gap-2 items-start"
        data-layout="field-content"
      >
        <!---->
        <!---->
        <!---->
        <label
          class="label cursor-pointer gap-2"
        >
          <input
            aria-describedby="root::description root::help root::errors"
            aria-invalid="false"
            class="radio"
            id="root::0"
            name="root"
            readonly=""
            required=""
            type="radio"
            value="0"
          />
           
          <span
            class="label-text"
          >
            foo
          </span>
        </label>
        <label
          class="label cursor-pointer gap-2"
        >
          <input
            aria-describedby="root::description root::help root::errors"
            aria-invalid="false"
            class="radio"
            id="root::1"
            name="root"
            readonly=""
            required=""
            type="radio"
            value="1"
          />
           
          <span
            class="label-text"
          >
            bar
          </span>
        </label>
        <label
          class="label cursor-pointer gap-2"
        >
          <input
            aria-describedby="root::description root::help root::errors"
            aria-invalid="false"
            class="radio"
            id="root::2"
            name="root"
            readonly=""
            required=""
            type="radio"
            value="2"
          />
           
          <span
            class="label-text"
          >
            fuzz
          </span>
        </label>
        <label
          class="label cursor-pointer gap-2"
        >
          <input
            aria-describedby="root::description root::help root::errors"
            aria-invalid="false"
            class="radio"
            id="root::3"
            name="root"
            readonly=""
            required=""
            type="radio"
            value="3"
          />
           
          <span
            class="label-text"
          >
            qux
          </span>
        </label>
        
        
        
        <!---->
      </div>
      <!---->
       
      <!---->
       
      <!---->
      <!---->
    </div>
    
    
    <!---->
    <!---->
     
    <!---->
    <button
      class="btn btn-primary w-full"
      type="submit"
    >
      <!---->
      Submit
      
      <!---->
    </button>
    
    <!---->
    <!---->
  </form>
  
  
</div>
`;

exports[`widgets > radioButtons > snapshots > disabled 1`] = `
<div>
  <!---->
  <form
    class="flex flex-col gap-4"
  >
    <!---->
    <!---->
    <input
      name="__sjsf_id_prefix"
      type="hidden"
      value="root"
    />
    <!---->
     
    <!---->
    <!---->
    <div
      class="flex gap-2 flex-col"
      data-layout="field"
    >
      <!---->
      <!---->
       
      <div
        class="flex gap-2 items-start"
        data-layout="field-content"
      >
        <!---->
        <!---->
        <div
          class="join"
        >
          <input
            aria-describedby="root::description root::help root::errors"
            aria-invalid="false"
            aria-label="foo"
            class="join-item btn"
            disabled=""
            id="root::0"
            name="root"
            required=""
            type="radio"
            value="0"
          />
          <input
            aria-describedby="root::description root::help root::errors"
            aria-invalid="false"
            aria-label="bar"
            class="join-item btn"
            disabled=""
            id="root::1"
            name="root"
            required=""
            type="radio"
            value="1"
          />
          <input
            aria-describedby="root::description root::help root::errors"
            aria-invalid="false"
            aria-label="fuzz"
            class="join-item btn"
            disabled=""
            id="root::2"
            name="root"
            required=""
            type="radio"
            value="2"
          />
          <input
            aria-describedby="root::description root::help root::errors"
            aria-invalid="false"
            aria-label="qux"
            class="join-item btn"
            disabled=""
            id="root::3"
            name="root"
            required=""
            type="radio"
            value="3"
          />
          
        </div>
        
        
        <!---->
      </div>
      <!---->
       
      <!---->
       
      <!---->
      <!---->
    </div>
    
    
    <!---->
    <!---->
     
    <!---->
    <button
      class="btn btn-primary w-full"
      disabled=""
      type="submit"
    >
      <!---->
      Submit
      
      <!---->
    </button>
    
    <!---->
    <!---->
  </form>
  
  
</div>
`;

exports[`widgets > radioButtons > snapshots > error 1`] = `
<div>
  <!---->
  <form
    class="flex flex-col gap-4"
  >
    <!---->
    <!---->
    <input
      name="__sjsf_id_prefix"
      type="hidden"
      value="root"
    />
    <!---->
     
    <!---->
    <!---->
    <div
      class="flex gap-2 flex-col"
      data-layout="field"
    >
      <!---->
      <!---->
       
      <div
        class="flex gap-2 items-start"
        data-layout="field-content"
      >
        <!---->
        <!---->
        <div
          class="join"
        >
          <input
            aria-describedby="root::description root::help root::errors"
            aria-invalid="true"
            aria-label="foo"
            class="join-item btn btn-error"
            id="root::0"
            name="root"
            required=""
            type="radio"
            value="0"
          />
          <input
            aria-describedby="root::description root::help root::errors"
            aria-invalid="true"
            aria-label="bar"
            class="join-item btn btn-error"
            id="root::1"
            name="root"
            required=""
            type="radio"
            value="1"
          />
          <input
            aria-describedby="root::description root::help root::errors"
            aria-invalid="true"
            aria-label="fuzz"
            class="join-item btn btn-error"
            id="root::2"
            name="root"
            required=""
            type="radio"
            value="2"
          />
          <input
            aria-describedby="root::description root::help root::errors"
            aria-invalid="true"
            aria-label="qux"
            class="join-item btn btn-error"
            id="root::3"
            name="root"
            required=""
            type="radio"
            value="3"
          />
          
        </div>
        
        
        <!---->
      </div>
      <!---->
       
      <!---->
      <ul
        class="text-error list-disc list-inside"
        id="root::errors"
        tabindex="-1"
      >
        <li>
          error
        </li>
        
      </ul>
      
      <!---->
       
      <!---->
      <!---->
    </div>
    
    
    <!---->
    <!---->
     
    <!---->
    <button
      class="btn btn-primary w-full"
      type="submit"
    >
      <!---->
      Submit
      
      <!---->
    </button>
    
    <!---->
    <!---->
  </form>
  
  
</div>
`;

exports[`widgets > radioButtons > snapshots > normal 1`] = `
<div>
  <!---->
  <form
    class="flex flex-col gap-4"
  >
    <!---->
    <!---->
    <input
      name="__sjsf_id_prefix"
      type="hidden"
      value="root"
    />
    <!---->
     
    <!---->
    <!---->
    <div
      class="flex gap-2 flex-col"
      data-layout="field"
    >
      <!---->
      <!---->
       
      <div
        class="flex gap-2 items-start"
        data-layout="field-content"
      >
        <!---->
        <!---->
        <div
          class="join"
        >
          <input
            aria-describedby="root::description root::help root::errors"
            aria-invalid="false"
            aria-label="foo"
            class="join-item btn"
            id="root::0"
            name="root"
            required=""
            type="radio"
            value="0"
          />
          <input
            aria-describedby="root::description root::help root::errors"
            aria-invalid="false"
            aria-label="bar"
            class="join-item btn"
            id="root::1"
            name="root"
            required=""
            type="radio"
            value="1"
          />
          <input
            aria-describedby="root::description root::help root::errors"
            aria-invalid="false"
            aria-label="fuzz"
            class="join-item btn"
            id="root::2"
            name="root"
            required=""
            type="radio"
            value="2"
          />
          <input
            aria-describedby="root::description root::help root::errors"
            aria-invalid="false"
            aria-label="qux"
            class="join-item btn"
            id="root::3"
            name="root"
            required=""
            type="radio"
            value="3"
          />
          
        </div>
        
        
        <!---->
      </div>
      <!---->
       
      <!---->
       
      <!---->
      <!---->
    </div>
    
    
    <!---->
    <!---->
     
    <!---->
    <button
      class="btn btn-primary w-full"
      type="submit"
    >
      <!---->
      Submit
      
      <!---->
    </button>
    
    <!---->
    <!---->
  </form>
  
  
</div>
`;

exports[`widgets > radioButtons > snapshots > readonly 1`] = `
<div>
  <!---->
  <form
    class="flex flex-col gap-4"
  >
    <!---->
    <!---->
    <input
      name="__sjsf_id_prefix"
      type="hidden"
      value="root"
    />
    <!---->
     
    <!---->
    <!---->
    <div
      class="flex gap-2 flex-col"
      data-layout="field"
    >
      <!---->
      <!---->
       
      <div
        class="flex gap-2 items-start"
        data-layout="field-content"
      >
        <!---->
        <!---->
        <div
          class="join"
        >
          <input
            aria-describedby="root::description root::help root::errors"
            aria-invalid="false"
            aria-label="foo"
            class="join-item btn"
            id="root::0"
            name="root"
            readonly=""
            required=""
            type="radio"
            value="0"
          />
          <input
            aria-describedby="root::description root::help root::errors"
            aria-invalid="false"
            aria-label="bar"
            class="join-item btn"
            id="root::1"
            name="root"
            readonly=""
            required=""
            type="radio"
            value="1"
          />
          <input
            aria-describedby="root::description root::help root::errors"
            aria-invalid="false"
            aria-label="fuzz"
            class="join-item btn"
            id="root::2"
            name="root"
            readonly=""
            required=""
            type="radio"
            value="2"
          />
          <input
            aria-describedby="root::description root::help root::errors"
            aria-invalid="false"
            aria-label="qux"
            class="join-item btn"
            id="root::3"
            name="root"
            readonly=""
            required=""
            type="radio"
            value="3"
          />
          
        </div>
        
        
        <!---->
      </div>
      <!---->
       
      <!---->
       
      <!---->
      <!---->
    </div>
    
    
    <!---->
    <!---->
     
    <!---->
    <button
      class="btn btn-primary w-full"
      type="submit"
    >
      <!---->
      Submit
      
      <!---->
    </button>
    
    <!---->
    <!---->
  </form>
  
  
</div>
`;

exports[`widgets > range > snapshots > disabled 1`] = `
<div>
  <!---->
  <form
    class="flex flex-col gap-4"
  >
    <!---->
    <!---->
    <input
      name="__sjsf_id_prefix"
      type="hidden"
      value="root"
    />
    <!---->
     
    <!---->
    <!---->
    <div
      class="flex gap-2 flex-col"
      data-layout="field"
    >
      <!---->
      <!---->
       
      <div
        class="flex gap-2 items-start"
        data-layout="field-content"
      >
        <!---->
        <!---->
        <input
          aria-describedby="root::description root::help root::errors"
          aria-invalid="false"
          class="range grow"
          disabled=""
          id="root"
          name="root"
          required=""
          step="any"
          type="range"
        />
        
        
        <!---->
      </div>
      <!---->
       
      <!---->
       
      <!---->
      <!---->
    </div>
    
    
    <!---->
    <!---->
     
    <!---->
    <button
      class="btn btn-primary w-full"
      disabled=""
      type="submit"
    >
      <!---->
      Submit
      
      <!---->
    </button>
    
    <!---->
    <!---->
  </form>
  
  
</div>
`;

exports[`widgets > range > snapshots > error 1`] = `
<div>
  <!---->
  <form
    class="flex flex-col gap-4"
  >
    <!---->
    <!---->
    <input
      name="__sjsf_id_prefix"
      type="hidden"
      value="root"
    />
    <!---->
     
    <!---->
    <!---->
    <div
      class="flex gap-2 flex-col"
      data-layout="field"
    >
      <!---->
      <!---->
       
      <div
        class="flex gap-2 items-start"
        data-layout="field-content"
      >
        <!---->
        <!---->
        <input
          aria-describedby="root::description root::help root::errors"
          aria-invalid="true"
          class="range grow range-error"
          id="root"
          name="root"
          required=""
          step="any"
          type="range"
        />
        
        
        <!---->
      </div>
      <!---->
       
      <!---->
      <ul
        class="text-error list-disc list-inside"
        id="root::errors"
        tabindex="-1"
      >
        <li>
          error
        </li>
        
      </ul>
      
      <!---->
       
      <!---->
      <!---->
    </div>
    
    
    <!---->
    <!---->
     
    <!---->
    <button
      class="btn btn-primary w-full"
      type="submit"
    >
      <!---->
      Submit
      
      <!---->
    </button>
    
    <!---->
    <!---->
  </form>
  
  
</div>
`;

exports[`widgets > range > snapshots > normal 1`] = `
<div>
  <!---->
  <form
    class="flex flex-col gap-4"
  >
    <!---->
    <!---->
    <input
      name="__sjsf_id_prefix"
      type="hidden"
      value="root"
    />
    <!---->
     
    <!---->
    <!---->
    <div
      class="flex gap-2 flex-col"
      data-layout="field"
    >
      <!---->
      <!---->
       
      <div
        class="flex gap-2 items-start"
        data-layout="field-content"
      >
        <!---->
        <!---->
        <input
          aria-describedby="root::description root::help root::errors"
          aria-invalid="false"
          class="range grow"
          id="root"
          name="root"
          required=""
          step="any"
          type="range"
        />
        
        
        <!---->
      </div>
      <!---->
       
      <!---->
       
      <!---->
      <!---->
    </div>
    
    
    <!---->
    <!---->
     
    <!---->
    <button
      class="btn btn-primary w-full"
      type="submit"
    >
      <!---->
      Submit
      
      <!---->
    </button>
    
    <!---->
    <!---->
  </form>
  
  
</div>
`;

exports[`widgets > range > snapshots > readonly 1`] = `
<div>
  <!---->
  <form
    class="flex flex-col gap-4"
  >
    <!---->
    <!---->
    <input
      name="__sjsf_id_prefix"
      type="hidden"
      value="root"
    />
    <!---->
     
    <!---->
    <!---->
    <div
      class="flex gap-2 flex-col"
      data-layout="field"
    >
      <!---->
      <!---->
       
      <div
        class="flex gap-2 items-start"
        data-layout="field-content"
      >
        <!---->
        <!---->
        <input
          aria-describedby="root::description root::help root::errors"
          aria-invalid="false"
          class="range grow"
          id="root"
          name="root"
          readonly=""
          required=""
          step="any"
          type="range"
        />
        
        
        <!---->
      </div>
      <!---->
       
      <!---->
       
      <!---->
      <!---->
    </div>
    
    
    <!---->
    <!---->
     
    <!---->
    <button
      class="btn btn-primary w-full"
      type="submit"
    >
      <!---->
      Submit
      
      <!---->
    </button>
    
    <!---->
    <!---->
  </form>
  
  
</div>
`;

exports[`widgets > select > snapshots > disabled 1`] = `
<div>
  <!---->
  <form
    class="flex flex-col gap-4"
  >
    <!---->
    <!---->
    <input
      name="__sjsf_id_prefix"
      type="hidden"
      value="root"
    />
    <!---->
     
    <!---->
    <!---->
    <div
      class="flex gap-2 flex-col"
      data-layout="field"
    >
      <!---->
      <!---->
       
      <div
        class="flex gap-2 items-start"
        data-layout="field-content"
      >
        <!---->
        <!---->
        <select
          aria-describedby="root::description root::help root::errors"
          aria-invalid="false"
          class="select select-bordered grow"
          disabled=""
          id="root"
          name="root"
          required=""
        >
          <option
            value="-1"
          >
            
          </option>
          <!---->
          <option
            value="0"
          >
            foo
          </option>
          <option
            value="1"
          >
            bar
          </option>
          <option
            value="2"
          >
            fuzz
          </option>
          <option
            value="3"
          >
            qux
          </option>
          <!---->
        </select>
        
        
        <!---->
      </div>
      <!---->
       
      <!---->
       
      <!---->
      <!---->
    </div>
    
    
    <!---->
    <!---->
     
    <!---->
    <button
      class="btn btn-primary w-full"
      disabled=""
      type="submit"
    >
      <!---->
      Submit
      
      <!---->
    </button>
    
    <!---->
    <!---->
  </form>
  
  
</div>
`;

exports[`widgets > select > snapshots > error 1`] = `
<div>
  <!---->
  <form
    class="flex flex-col gap-4"
  >
    <!---->
    <!---->
    <input
      name="__sjsf_id_prefix"
      type="hidden"
      value="root"
    />
    <!---->
     
    <!---->
    <!---->
    <div
      class="flex gap-2 flex-col"
      data-layout="field"
    >
      <!---->
      <!---->
       
      <div
        class="flex gap-2 items-start"
        data-layout="field-content"
      >
        <!---->
        <!---->
        <select
          aria-describedby="root::description root::help root::errors"
          aria-invalid="true"
          class="select select-bordered grow select-error"
          id="root"
          name="root"
          required=""
        >
          <option
            value="-1"
          >
            
          </option>
          <!---->
          <option
            value="0"
          >
            foo
          </option>
          <option
            value="1"
          >
            bar
          </option>
          <option
            value="2"
          >
            fuzz
          </option>
          <option
            value="3"
          >
            qux
          </option>
          <!---->
        </select>
        
        
        <!---->
      </div>
      <!---->
       
      <!---->
      <ul
        class="text-error list-disc list-inside"
        id="root::errors"
        tabindex="-1"
      >
        <li>
          error
        </li>
        
      </ul>
      
      <!---->
       
      <!---->
      <!---->
    </div>
    
    
    <!---->
    <!---->
     
    <!---->
    <button
      class="btn btn-primary w-full"
      type="submit"
    >
      <!---->
      Submit
      
      <!---->
    </button>
    
    <!---->
    <!---->
  </form>
  
  
</div>
`;

exports[`widgets > select > snapshots > normal 1`] = `
<div>
  <!---->
  <form
    class="flex flex-col gap-4"
  >
    <!---->
    <!---->
    <input
      name="__sjsf_id_prefix"
      type="hidden"
      value="root"
    />
    <!---->
     
    <!---->
    <!---->
    <div
      class="flex gap-2 flex-col"
      data-layout="field"
    >
      <!---->
      <!---->
       
      <div
        class="flex gap-2 items-start"
        data-layout="field-content"
      >
        <!---->
        <!---->
        <select
          aria-describedby="root::description root::help root::errors"
          aria-invalid="false"
          class="select select-bordered grow"
          id="root"
          name="root"
          required=""
        >
          <option
            value="-1"
          >
            
          </option>
          <!---->
          <option
            value="0"
          >
            foo
          </option>
          <option
            value="1"
          >
            bar
          </option>
          <option
            value="2"
          >
            fuzz
          </option>
          <option
            value="3"
          >
            qux
          </option>
          <!---->
        </select>
        
        
        <!---->
      </div>
      <!---->
       
      <!---->
       
      <!---->
      <!---->
    </div>
    
    
    <!---->
    <!---->
     
    <!---->
    <button
      class="btn btn-primary w-full"
      type="submit"
    >
      <!---->
      Submit
      
      <!---->
    </button>
    
    <!---->
    <!---->
  </form>
  
  
</div>
`;

exports[`widgets > select > snapshots > readonly 1`] = `
<div>
  <!---->
  <form
    class="flex flex-col gap-4"
  >
    <!---->
    <!---->
    <input
      name="__sjsf_id_prefix"
      type="hidden"
      value="root"
    />
    <!---->
     
    <!---->
    <!---->
    <div
      class="flex gap-2 flex-col"
      data-layout="field"
    >
      <!---->
      <!---->
       
      <div
        class="flex gap-2 items-start"
        data-layout="field-content"
      >
        <!---->
        <!---->
        <select
          aria-describedby="root::description root::help root::errors"
          aria-invalid="false"
          class="select select-bordered grow"
          id="root"
          name="root"
          required=""
        >
          <option
            value="-1"
          >
            
          </option>
          <!---->
          <option
            value="0"
          >
            foo
          </option>
          <option
            value="1"
          >
            bar
          </option>
          <option
            value="2"
          >
            fuzz
          </option>
          <option
            value="3"
          >
            qux
          </option>
          <!---->
        </select>
        
        
        <!---->
      </div>
      <!---->
       
      <!---->
       
      <!---->
      <!---->
    </div>
    
    
    <!---->
    <!---->
     
    <!---->
    <button
      class="btn btn-primary w-full"
      type="submit"
    >
      <!---->
      Submit
      
      <!---->
    </button>
    
    <!---->
    <!---->
  </form>
  
  
</div>
`;

exports[`widgets > switch > snapshots > disabled 1`] = `
<div>
  <!---->
  <form
    class="flex flex-col gap-4"
  >
    <!---->
    <!---->
    <input
      name="__sjsf_id_prefix"
      type="hidden"
      value="root"
    />
    <!---->
     
    <!---->
    <!---->
    <div
      class="flex gap-2 flex-col"
      data-layout="field"
    >
      <!---->
      <!---->
       
      <div
        class="flex gap-2 items-start"
        data-layout="field-content"
      >
        <!---->
        <!---->
        <label
          class="label cursor-pointer gap-2"
        >
          <input
            aria-describedby="root::description root::help root::errors"
            aria-invalid="false"
            class="toggle"
            disabled=""
            id="root"
            name="root"
            required=""
            type="checkbox"
          />
           
          <span
            class="label-text"
          >
            
          </span>
        </label>
        
        
        <!---->
      </div>
      <!---->
       
      <!---->
       
      <!---->
      <!---->
    </div>
    
    
    <!---->
    <!---->
     
    <!---->
    <button
      class="btn btn-primary w-full"
      disabled=""
      type="submit"
    >
      <!---->
      Submit
      
      <!---->
    </button>
    
    <!---->
    <!---->
  </form>
  
  
</div>
`;

exports[`widgets > switch > snapshots > error 1`] = `
<div>
  <!---->
  <form
    class="flex flex-col gap-4"
  >
    <!---->
    <!---->
    <input
      name="__sjsf_id_prefix"
      type="hidden"
      value="root"
    />
    <!---->
     
    <!---->
    <!---->
    <div
      class="flex gap-2 flex-col"
      data-layout="field"
    >
      <!---->
      <!---->
       
      <div
        class="flex gap-2 items-start"
        data-layout="field-content"
      >
        <!---->
        <!---->
        <label
          class="label cursor-pointer gap-2"
        >
          <input
            aria-describedby="root::description root::help root::errors"
            aria-invalid="true"
            class="toggle toggle-error"
            id="root"
            name="root"
            required=""
            type="checkbox"
          />
           
          <span
            class="label-text"
          >
            
          </span>
        </label>
        
        
        <!---->
      </div>
      <!---->
       
      <!---->
      <ul
        class="text-error list-disc list-inside"
        id="root::errors"
        tabindex="-1"
      >
        <li>
          error
        </li>
        
      </ul>
      
      <!---->
       
      <!---->
      <!---->
    </div>
    
    
    <!---->
    <!---->
     
    <!---->
    <button
      class="btn btn-primary w-full"
      type="submit"
    >
      <!---->
      Submit
      
      <!---->
    </button>
    
    <!---->
    <!---->
  </form>
  
  
</div>
`;

exports[`widgets > switch > snapshots > normal 1`] = `
<div>
  <!---->
  <form
    class="flex flex-col gap-4"
  >
    <!---->
    <!---->
    <input
      name="__sjsf_id_prefix"
      type="hidden"
      value="root"
    />
    <!---->
     
    <!---->
    <!---->
    <div
      class="flex gap-2 flex-col"
      data-layout="field"
    >
      <!---->
      <!---->
       
      <div
        class="flex gap-2 items-start"
        data-layout="field-content"
      >
        <!---->
        <!---->
        <label
          class="label cursor-pointer gap-2"
        >
          <input
            aria-describedby="root::description root::help root::errors"
            aria-invalid="false"
            class="toggle"
            id="root"
            name="root"
            required=""
            type="checkbox"
          />
           
          <span
            class="label-text"
          >
            
          </span>
        </label>
        
        
        <!---->
      </div>
      <!---->
       
      <!---->
       
      <!---->
      <!---->
    </div>
    
    
    <!---->
    <!---->
     
    <!---->
    <button
      class="btn btn-primary w-full"
      type="submit"
    >
      <!---->
      Submit
      
      <!---->
    </button>
    
    <!---->
    <!---->
  </form>
  
  
</div>
`;

exports[`widgets > switch > snapshots > readonly 1`] = `
<div>
  <!---->
  <form
    class="flex flex-col gap-4"
  >
    <!---->
    <!---->
    <input
      name="__sjsf_id_prefix"
      type="hidden"
      value="root"
    />
    <!---->
     
    <!---->
    <!---->
    <div
      class="flex gap-2 flex-col"
      data-layout="field"
    >
      <!---->
      <!---->
       
      <div
        class="flex gap-2 items-start"
        data-layout="field-content"
      >
        <!---->
        <!---->
        <label
          class="label cursor-pointer gap-2"
        >
          <input
            aria-describedby="root::description root::help root::errors"
            aria-invalid="false"
            class="toggle"
            id="root"
            name="root"
            readonly=""
            required=""
            type="checkbox"
          />
           
          <span
            class="label-text"
          >
            
          </span>
        </label>
        
        
        <!---->
      </div>
      <!---->
       
      <!---->
       
      <!---->
      <!---->
    </div>
    
    
    <!---->
    <!---->
     
    <!---->
    <button
      class="btn btn-primary w-full"
      type="submit"
    >
      <!---->
      Submit
      
      <!---->
    </button>
    
    <!---->
    <!---->
  </form>
  
  
</div>
`;

exports[`widgets > text > snapshots > disabled 1`] = `
<div>
  <!---->
  <form
    class="flex flex-col gap-4"
  >
    <!---->
    <!---->
    <input
      name="__sjsf_id_prefix"
      type="hidden"
      value="root"
    />
    <!---->
     
    <!---->
    <!---->
    <div
      class="flex gap-2 flex-col"
      data-layout="field"
    >
      <!---->
      <!---->
       
      <div
        class="flex gap-2 items-start"
        data-layout="field-content"
      >
        <!---->
        <!---->
        <input
          aria-describedby="root::description root::help root::errors"
          aria-invalid="false"
          class="input input-bordered grow"
          disabled=""
          id="root"
          name="root"
          required=""
          type="text"
        />
         
        <!---->
        
        <!---->
        
        
        <!---->
      </div>
      <!---->
       
      <!---->
       
      <!---->
      <!---->
    </div>
    
    
    <!---->
    <!---->
     
    <!---->
    <button
      class="btn btn-primary w-full"
      disabled=""
      type="submit"
    >
      <!---->
      Submit
      
      <!---->
    </button>
    
    <!---->
    <!---->
  </form>
  
  
</div>
`;

exports[`widgets > text > snapshots > error 1`] = `
<div>
  <!---->
  <form
    class="flex flex-col gap-4"
  >
    <!---->
    <!---->
    <input
      name="__sjsf_id_prefix"
      type="hidden"
      value="root"
    />
    <!---->
     
    <!---->
    <!---->
    <div
      class="flex gap-2 flex-col"
      data-layout="field"
    >
      <!---->
      <!---->
       
      <div
        class="flex gap-2 items-start"
        data-layout="field-content"
      >
        <!---->
        <!---->
        <input
          aria-describedby="root::description root::help root::errors"
          aria-invalid="true"
          class="input input-bordered grow input-error"
          id="root"
          name="root"
          required=""
          type="text"
        />
         
        <!---->
        
        <!---->
        
        
        <!---->
      </div>
      <!---->
       
      <!---->
      <ul
        class="text-error list-disc list-inside"
        id="root::errors"
        tabindex="-1"
      >
        <li>
          error
        </li>
        
      </ul>
      
      <!---->
       
      <!---->
      <!---->
    </div>
    
    
    <!---->
    <!---->
     
    <!---->
    <button
      class="btn btn-primary w-full"
      type="submit"
    >
      <!---->
      Submit
      
      <!---->
    </button>
    
    <!---->
    <!---->
  </form>
  
  
</div>
`;

exports[`widgets > text > snapshots > normal 1`] = `
<div>
  <!---->
  <form
    class="flex flex-col gap-4"
  >
    <!---->
    <!---->
    <input
      name="__sjsf_id_prefix"
      type="hidden"
      value="root"
    />
    <!---->
     
    <!---->
    <!---->
    <div
      class="flex gap-2 flex-col"
      data-layout="field"
    >
      <!---->
      <!---->
       
      <div
        class="flex gap-2 items-start"
        data-layout="field-content"
      >
        <!---->
        <!---->
        <input
          aria-describedby="root::description root::help root::errors"
          aria-invalid="false"
          class="input input-bordered grow"
          id="root"
          name="root"
          required=""
          type="text"
        />
         
        <!---->
        
        <!---->
        
        
        <!---->
      </div>
      <!---->
       
      <!---->
       
      <!---->
      <!---->
    </div>
    
    
    <!---->
    <!---->
     
    <!---->
    <button
      class="btn btn-primary w-full"
      type="submit"
    >
      <!---->
      Submit
      
      <!---->
    </button>
    
    <!---->
    <!---->
  </form>
  
  
</div>
`;

exports[`widgets > text > snapshots > readonly 1`] = `
<div>
  <!---->
  <form
    class="flex flex-col gap-4"
  >
    <!---->
    <!---->
    <input
      name="__sjsf_id_prefix"
      type="hidden"
      value="root"
    />
    <!---->
     
    <!---->
    <!---->
    <div
      class="flex gap-2 flex-col"
      data-layout="field"
    >
      <!---->
      <!---->
       
      <div
        class="flex gap-2 items-start"
        data-layout="field-content"
      >
        <!---->
        <!---->
        <input
          aria-describedby="root::description root::help root::errors"
          aria-invalid="false"
          class="input input-bordered grow"
          id="root"
          name="root"
          readonly=""
          required=""
          type="text"
        />
         
        <!---->
        
        <!---->
        
        
        <!---->
      </div>
      <!---->
       
      <!---->
       
      <!---->
      <!---->
    </div>
    
    
    <!---->
    <!---->
     
    <!---->
    <button
      class="btn btn-primary w-full"
      type="submit"
    >
      <!---->
      Submit
      
      <!---->
    </button>
    
    <!---->
    <!---->
  </form>
  
  
</div>
`;

exports[`widgets > textarea > snapshots > disabled 1`] = `
<div>
  <!---->
  <form
    class="flex flex-col gap-4"
  >
    <!---->
    <!---->
    <input
      name="__sjsf_id_prefix"
      type="hidden"
      value="root"
    />
    <!---->
     
    <!---->
    <!---->
    <div
      class="flex gap-2 flex-col"
      data-layout="field"
    >
      <!---->
      <!---->
       
      <div
        class="flex gap-2 items-start"
        data-layout="field-content"
      >
        <!---->
        <!---->
        <textarea
          aria-describedby="root::description root::help root::errors"
          aria-invalid="false"
          class="textarea textarea-bordered grow"
          disabled=""
          id="root"
          name="root"
          required=""
        />
        
        
        <!---->
      </div>
      <!---->
       
      <!---->
       
      <!---->
      <!---->
    </div>
    
    
    <!---->
    <!---->
     
    <!---->
    <button
      class="btn btn-primary w-full"
      disabled=""
      type="submit"
    >
      <!---->
      Submit
      
      <!---->
    </button>
    
    <!---->
    <!---->
  </form>
  
  
</div>
`;

exports[`widgets > textarea > snapshots > error 1`] = `
<div>
  <!---->
  <form
    class="flex flex-col gap-4"
  >
    <!---->
    <!---->
    <input
      name="__sjsf_id_prefix"
      type="hidden"
      value="root"
    />
    <!---->
     
    <!---->
    <!---->
    <div
      class="flex gap-2 flex-col"
      data-layout="field"
    >
      <!---->
      <!---->
       
      <div
        class="flex gap-2 items-start"
        data-layout="field-content"
      >
        <!---->
        <!---->
        <textarea
          aria-describedby="root::description root::help root::errors"
          aria-invalid="true"
          class="textarea textarea-bordered grow textarea-error"
          id="root"
          name="root"
          required=""
        />
        
        
        <!---->
      </div>
      <!---->
       
      <!---->
      <ul
        class="text-error list-disc list-inside"
        id="root::errors"
        tabindex="-1"
      >
        <li>
          error
        </li>
        
      </ul>
      
      <!---->
       
      <!---->
      <!---->
    </div>
    
    
    <!---->
    <!---->
     
    <!---->
    <button
      class="btn btn-primary w-full"
      type="submit"
    >
      <!---->
      Submit
      
      <!---->
    </button>
    
    <!---->
    <!---->
  </form>
  
  
</div>
`;

exports[`widgets > textarea > snapshots > normal 1`] = `
<div>
  <!---->
  <form
    class="flex flex-col gap-4"
  >
    <!---->
    <!---->
    <input
      name="__sjsf_id_prefix"
      type="hidden"
      value="root"
    />
    <!---->
     
    <!---->
    <!---->
    <div
      class="flex gap-2 flex-col"
      data-layout="field"
    >
      <!---->
      <!---->
       
      <div
        class="flex gap-2 items-start"
        data-layout="field-content"
      >
        <!---->
        <!---->
        <textarea
          aria-describedby="root::description root::help root::errors"
          aria-invalid="false"
          class="textarea textarea-bordered grow"
          id="root"
          name="root"
          required=""
        />
        
        
        <!---->
      </div>
      <!---->
       
      <!---->
       
      <!---->
      <!---->
    </div>
    
    
    <!---->
    <!---->
     
    <!---->
    <button
      class="btn btn-primary w-full"
      type="submit"
    >
      <!---->
      Submit
      
      <!---->
    </button>
    
    <!---->
    <!---->
  </form>
  
  
</div>
`;

exports[`widgets > textarea > snapshots > readonly 1`] = `
<div>
  <!---->
  <form
    class="flex flex-col gap-4"
  >
    <!---->
    <!---->
    <input
      name="__sjsf_id_prefix"
      type="hidden"
      value="root"
    />
    <!---->
     
    <!---->
    <!---->
    <div
      class="flex gap-2 flex-col"
      data-layout="field"
    >
      <!---->
      <!---->
       
      <div
        class="flex gap-2 items-start"
        data-layout="field-content"
      >
        <!---->
        <!---->
        <textarea
          aria-describedby="root::description root::help root::errors"
          aria-invalid="false"
          class="textarea textarea-bordered grow"
          id="root"
          name="root"
          readonly=""
          required=""
        />
        
        
        <!---->
      </div>
      <!---->
       
      <!---->
       
      <!---->
      <!---->
    </div>
    
    
    <!---->
    <!---->
     
    <!---->
    <button
      class="btn btn-primary w-full"
      type="submit"
    >
      <!---->
      Submit
      
      <!---->
    </button>
    
    <!---->
    <!---->
  </form>
  
  
</div>
`;
